Archive member included because of file (symbol)

c:/dave-3.1.10/arm-gcc/bin/../lib/gcc/arm-none-eabi/4.7.4/armv6-m\libgcc.a(_udivsi3.o)
                              Startup/system_XMC1100.o (__aeabi_uidiv)
c:/dave-3.1.10/arm-gcc/bin/../lib/gcc/arm-none-eabi/4.7.4/armv6-m\libgcc.a(_divsi3.o)
                              Main.o (__aeabi_idiv)
c:/dave-3.1.10/arm-gcc/bin/../lib/gcc/arm-none-eabi/4.7.4/armv6-m\libgcc.a(_dvmd_tls.o)
                              c:/dave-3.1.10/arm-gcc/bin/../lib/gcc/arm-none-eabi/4.7.4/armv6-m\libgcc.a(_udivsi3.o) (__aeabi_idiv0)

Allocating common symbols
Common symbol       size              file

SystemCoreClock     0x4               Startup/system_XMC1100.o

Discarded input sections

 .group         0x00000000        0x8 Startup/system_XMC1100.o
 .group         0x00000000        0x8 Startup/system_XMC1100.o
 .group         0x00000000        0x8 Startup/system_XMC1100.o
 .group         0x00000000        0x8 Startup/system_XMC1100.o
 .group         0x00000000        0x8 Startup/system_XMC1100.o
 .group         0x00000000        0x8 Startup/system_XMC1100.o
 .group         0x00000000        0x8 Startup/system_XMC1100.o
 .group         0x00000000        0x8 Startup/system_XMC1100.o
 .group         0x00000000        0x8 Startup/system_XMC1100.o
 .group         0x00000000        0x8 Startup/system_XMC1100.o
 .group         0x00000000        0x8 Startup/system_XMC1100.o
 .group         0x00000000        0x8 Startup/system_XMC1100.o
 .comment       0x00000000       0x71 Startup/system_XMC1100.o
 .group         0x00000000        0x8 Main.o
 .group         0x00000000        0x8 Main.o
 .group         0x00000000        0x8 Main.o
 .group         0x00000000        0x8 Main.o
 .group         0x00000000        0x8 Main.o
 .group         0x00000000        0x8 Main.o
 .group         0x00000000        0x8 Main.o
 .group         0x00000000        0x8 Main.o
 .group         0x00000000        0x8 Main.o
 .group         0x00000000        0x8 Main.o
 .group         0x00000000        0x8 Main.o
 .group         0x00000000        0x8 Main.o
 .group         0x00000000        0x8 Main.o
 .group         0x00000000        0x8 Main.o
 .group         0x00000000        0x8 Main.o
 .group         0x00000000        0x8 Main.o
 .group         0x00000000        0x8 Main.o
 .group         0x00000000        0x8 Main.o
 .debug_macro   0x00000000      0x7f0 Main.o
 .debug_macro   0x00000000       0x22 Main.o
 .debug_macro   0x00000000       0x3a Main.o
 .debug_macro   0x00000000       0x3a Main.o
 .debug_macro   0x00000000       0x10 Main.o
 .debug_macro   0x00000000       0x2e Main.o
 .debug_macro   0x00000000       0xa3 Main.o
 .debug_macro   0x00000000      0x20e Main.o
 .debug_macro   0x00000000       0x1f Main.o
 .debug_macro   0x00000000      0x242 Main.o
 .debug_macro   0x00000000       0x36 Main.o
 .debug_macro   0x00000000     0x4d2c Main.o
 .comment       0x00000000       0x71 Main.o
 .group         0x00000000        0x8 Lib/System_LibcStubs.o
 .group         0x00000000        0x8 Lib/System_LibcStubs.o
 .group         0x00000000        0x8 Lib/System_LibcStubs.o
 .group         0x00000000        0x8 Lib/System_LibcStubs.o
 .group         0x00000000        0x8 Lib/System_LibcStubs.o
 .group         0x00000000        0x8 Lib/System_LibcStubs.o
 .group         0x00000000        0x8 Lib/System_LibcStubs.o
 .group         0x00000000        0x8 Lib/System_LibcStubs.o
 .group         0x00000000        0x8 Lib/System_LibcStubs.o
 .group         0x00000000        0x8 Lib/System_LibcStubs.o
 .group         0x00000000        0x8 Lib/System_LibcStubs.o
 .group         0x00000000        0x8 Lib/System_LibcStubs.o
 .group         0x00000000        0x8 Lib/System_LibcStubs.o
 .group         0x00000000        0x8 Lib/System_LibcStubs.o
 .group         0x00000000        0x8 Lib/System_LibcStubs.o
 .group         0x00000000        0x8 Lib/System_LibcStubs.o
 .group         0x00000000        0x8 Lib/System_LibcStubs.o
 .group         0x00000000        0x8 Lib/System_LibcStubs.o
 .group         0x00000000        0x8 Lib/System_LibcStubs.o
 .group         0x00000000        0x8 Lib/System_LibcStubs.o
 .group         0x00000000        0x8 Lib/System_LibcStubs.o
 .debug_macro   0x00000000      0x7f0 Lib/System_LibcStubs.o
 .debug_macro   0x00000000       0x3a Lib/System_LibcStubs.o
 .debug_macro   0x00000000       0x10 Lib/System_LibcStubs.o
 .debug_macro   0x00000000       0x2e Lib/System_LibcStubs.o
 .debug_macro   0x00000000       0xa3 Lib/System_LibcStubs.o
 .comment       0x00000000       0x71 Lib/System_LibcStubs.o
 .group         0x00000000        0x8 Dave/Generated/src/NVIC002/NVIC002.o
 .group         0x00000000        0x8 Dave/Generated/src/NVIC002/NVIC002.o
 .group         0x00000000        0x8 Dave/Generated/src/NVIC002/NVIC002.o
 .group         0x00000000        0x8 Dave/Generated/src/NVIC002/NVIC002.o
 .group         0x00000000        0x8 Dave/Generated/src/NVIC002/NVIC002.o
 .group         0x00000000        0x8 Dave/Generated/src/NVIC002/NVIC002.o
 .group         0x00000000        0x8 Dave/Generated/src/NVIC002/NVIC002.o
 .group         0x00000000        0x8 Dave/Generated/src/NVIC002/NVIC002.o
 .group         0x00000000        0x8 Dave/Generated/src/NVIC002/NVIC002.o
 .group         0x00000000        0x8 Dave/Generated/src/NVIC002/NVIC002.o
 .group         0x00000000        0x8 Dave/Generated/src/NVIC002/NVIC002.o
 .group         0x00000000        0x8 Dave/Generated/src/NVIC002/NVIC002.o
 .group         0x00000000        0x8 Dave/Generated/src/NVIC002/NVIC002.o
 .group         0x00000000        0x8 Dave/Generated/src/NVIC002/NVIC002.o
 .debug_macro   0x00000000      0x7f0 Dave/Generated/src/NVIC002/NVIC002.o
 .debug_macro   0x00000000      0x130 Dave/Generated/src/NVIC002/NVIC002.o
 .debug_macro   0x00000000       0x22 Dave/Generated/src/NVIC002/NVIC002.o
 .debug_macro   0x00000000       0x3a Dave/Generated/src/NVIC002/NVIC002.o
 .debug_macro   0x00000000       0x3a Dave/Generated/src/NVIC002/NVIC002.o
 .debug_macro   0x00000000       0x10 Dave/Generated/src/NVIC002/NVIC002.o
 .debug_macro   0x00000000       0x2e Dave/Generated/src/NVIC002/NVIC002.o
 .debug_macro   0x00000000       0xa3 Dave/Generated/src/NVIC002/NVIC002.o
 .debug_macro   0x00000000      0x20e Dave/Generated/src/NVIC002/NVIC002.o
 .debug_macro   0x00000000       0x1f Dave/Generated/src/NVIC002/NVIC002.o
 .debug_macro   0x00000000      0x242 Dave/Generated/src/NVIC002/NVIC002.o
 .debug_macro   0x00000000       0x36 Dave/Generated/src/NVIC002/NVIC002.o
 .debug_macro   0x00000000     0x4d2c Dave/Generated/src/NVIC002/NVIC002.o
 .debug_macro   0x00000000       0x1c Dave/Generated/src/NVIC002/NVIC002.o
 .comment       0x00000000       0x71 Dave/Generated/src/NVIC002/NVIC002.o
 .group         0x00000000        0x8 Dave/Generated/src/NVIC002/NVIC002_Conf.o
 .group         0x00000000        0x8 Dave/Generated/src/NVIC002/NVIC002_Conf.o
 .group         0x00000000        0x8 Dave/Generated/src/NVIC002/NVIC002_Conf.o
 .group         0x00000000        0x8 Dave/Generated/src/NVIC002/NVIC002_Conf.o
 .group         0x00000000        0x8 Dave/Generated/src/NVIC002/NVIC002_Conf.o
 .group         0x00000000        0x8 Dave/Generated/src/NVIC002/NVIC002_Conf.o
 .group         0x00000000        0x8 Dave/Generated/src/NVIC002/NVIC002_Conf.o
 .group         0x00000000        0x8 Dave/Generated/src/NVIC002/NVIC002_Conf.o
 .group         0x00000000        0x8 Dave/Generated/src/NVIC002/NVIC002_Conf.o
 .group         0x00000000        0x8 Dave/Generated/src/NVIC002/NVIC002_Conf.o
 .group         0x00000000        0x8 Dave/Generated/src/NVIC002/NVIC002_Conf.o
 .group         0x00000000        0x8 Dave/Generated/src/NVIC002/NVIC002_Conf.o
 .group         0x00000000        0x8 Dave/Generated/src/NVIC002/NVIC002_Conf.o
 .group         0x00000000        0x8 Dave/Generated/src/NVIC002/NVIC002_Conf.o
 .debug_macro   0x00000000      0x7f0 Dave/Generated/src/NVIC002/NVIC002_Conf.o
 .debug_macro   0x00000000      0x130 Dave/Generated/src/NVIC002/NVIC002_Conf.o
 .debug_macro   0x00000000       0x22 Dave/Generated/src/NVIC002/NVIC002_Conf.o
 .debug_macro   0x00000000       0x3a Dave/Generated/src/NVIC002/NVIC002_Conf.o
 .debug_macro   0x00000000       0x3a Dave/Generated/src/NVIC002/NVIC002_Conf.o
 .debug_macro   0x00000000       0x10 Dave/Generated/src/NVIC002/NVIC002_Conf.o
 .debug_macro   0x00000000       0x2e Dave/Generated/src/NVIC002/NVIC002_Conf.o
 .debug_macro   0x00000000       0xa3 Dave/Generated/src/NVIC002/NVIC002_Conf.o
 .debug_macro   0x00000000      0x20e Dave/Generated/src/NVIC002/NVIC002_Conf.o
 .debug_macro   0x00000000       0x1f Dave/Generated/src/NVIC002/NVIC002_Conf.o
 .debug_macro   0x00000000      0x242 Dave/Generated/src/NVIC002/NVIC002_Conf.o
 .debug_macro   0x00000000       0x36 Dave/Generated/src/NVIC002/NVIC002_Conf.o
 .debug_macro   0x00000000     0x4d2c Dave/Generated/src/NVIC002/NVIC002_Conf.o
 .debug_macro   0x00000000       0x1c Dave/Generated/src/NVIC002/NVIC002_Conf.o
 .comment       0x00000000       0x71 Dave/Generated/src/NVIC002/NVIC002_Conf.o
 .group         0x00000000        0x8 Dave/Generated/src/DAVESupport/DAVE3.o
 .group         0x00000000        0x8 Dave/Generated/src/DAVESupport/DAVE3.o
 .group         0x00000000        0x8 Dave/Generated/src/DAVESupport/DAVE3.o
 .group         0x00000000        0x8 Dave/Generated/src/DAVESupport/DAVE3.o
 .group         0x00000000        0x8 Dave/Generated/src/DAVESupport/DAVE3.o
 .group         0x00000000        0x8 Dave/Generated/src/DAVESupport/DAVE3.o
 .group         0x00000000        0x8 Dave/Generated/src/DAVESupport/DAVE3.o
 .group         0x00000000        0x8 Dave/Generated/src/DAVESupport/DAVE3.o
 .group         0x00000000        0x8 Dave/Generated/src/DAVESupport/DAVE3.o
 .group         0x00000000        0x8 Dave/Generated/src/DAVESupport/DAVE3.o
 .group         0x00000000        0x8 Dave/Generated/src/DAVESupport/DAVE3.o
 .group         0x00000000        0x8 Dave/Generated/src/DAVESupport/DAVE3.o
 .group         0x00000000        0x8 Dave/Generated/src/DAVESupport/DAVE3.o
 .group         0x00000000        0x8 Dave/Generated/src/DAVESupport/DAVE3.o
 .group         0x00000000        0x8 Dave/Generated/src/DAVESupport/DAVE3.o
 .group         0x00000000        0x8 Dave/Generated/src/DAVESupport/DAVE3.o
 .group         0x00000000        0x8 Dave/Generated/src/DAVESupport/DAVE3.o
 .debug_macro   0x00000000      0x7f0 Dave/Generated/src/DAVESupport/DAVE3.o
 .debug_macro   0x00000000       0x22 Dave/Generated/src/DAVESupport/DAVE3.o
 .debug_macro   0x00000000       0x3a Dave/Generated/src/DAVESupport/DAVE3.o
 .debug_macro   0x00000000       0x3a Dave/Generated/src/DAVESupport/DAVE3.o
 .debug_macro   0x00000000       0x10 Dave/Generated/src/DAVESupport/DAVE3.o
 .debug_macro   0x00000000       0x2e Dave/Generated/src/DAVESupport/DAVE3.o
 .debug_macro   0x00000000       0xa3 Dave/Generated/src/DAVESupport/DAVE3.o
 .debug_macro   0x00000000      0x20e Dave/Generated/src/DAVESupport/DAVE3.o
 .debug_macro   0x00000000       0x1f Dave/Generated/src/DAVESupport/DAVE3.o
 .debug_macro   0x00000000      0x242 Dave/Generated/src/DAVESupport/DAVE3.o
 .debug_macro   0x00000000       0x36 Dave/Generated/src/DAVESupport/DAVE3.o
 .debug_macro   0x00000000     0x4d2c Dave/Generated/src/DAVESupport/DAVE3.o
 .debug_macro   0x00000000      0x16c Dave/Generated/src/DAVESupport/DAVE3.o
 .debug_macro   0x00000000       0x22 Dave/Generated/src/DAVESupport/DAVE3.o
 .debug_macro   0x00000000      0x311 Dave/Generated/src/DAVESupport/DAVE3.o
 .debug_macro   0x00000000      0x130 Dave/Generated/src/DAVESupport/DAVE3.o
 .debug_macro   0x00000000       0x1c Dave/Generated/src/DAVESupport/DAVE3.o
 .comment       0x00000000       0x71 Dave/Generated/src/DAVESupport/DAVE3.o
 .group         0x00000000        0x8 Dave/Generated/src/DAVESupport/MULTIPLEXER.o
 .group         0x00000000        0x8 Dave/Generated/src/DAVESupport/MULTIPLEXER.o
 .group         0x00000000        0x8 Dave/Generated/src/DAVESupport/MULTIPLEXER.o
 .group         0x00000000        0x8 Dave/Generated/src/DAVESupport/MULTIPLEXER.o
 .group         0x00000000        0x8 Dave/Generated/src/DAVESupport/MULTIPLEXER.o
 .group         0x00000000        0x8 Dave/Generated/src/DAVESupport/MULTIPLEXER.o
 .group         0x00000000        0x8 Dave/Generated/src/DAVESupport/MULTIPLEXER.o
 .group         0x00000000        0x8 Dave/Generated/src/DAVESupport/MULTIPLEXER.o
 .group         0x00000000        0x8 Dave/Generated/src/DAVESupport/MULTIPLEXER.o
 .group         0x00000000        0x8 Dave/Generated/src/DAVESupport/MULTIPLEXER.o
 .group         0x00000000        0x8 Dave/Generated/src/DAVESupport/MULTIPLEXER.o
 .group         0x00000000        0x8 Dave/Generated/src/DAVESupport/MULTIPLEXER.o
 .group         0x00000000        0x8 Dave/Generated/src/DAVESupport/MULTIPLEXER.o
 .group         0x00000000        0x8 Dave/Generated/src/DAVESupport/MULTIPLEXER.o
 .group         0x00000000        0x8 Dave/Generated/src/DAVESupport/MULTIPLEXER.o
 .group         0x00000000        0x8 Dave/Generated/src/DAVESupport/MULTIPLEXER.o
 .group         0x00000000        0x8 Dave/Generated/src/DAVESupport/MULTIPLEXER.o
 .debug_macro   0x00000000      0x7f0 Dave/Generated/src/DAVESupport/MULTIPLEXER.o
 .debug_macro   0x00000000       0x22 Dave/Generated/src/DAVESupport/MULTIPLEXER.o
 .debug_macro   0x00000000       0x3a Dave/Generated/src/DAVESupport/MULTIPLEXER.o
 .debug_macro   0x00000000       0x3a Dave/Generated/src/DAVESupport/MULTIPLEXER.o
 .debug_macro   0x00000000       0x10 Dave/Generated/src/DAVESupport/MULTIPLEXER.o
 .debug_macro   0x00000000       0x2e Dave/Generated/src/DAVESupport/MULTIPLEXER.o
 .debug_macro   0x00000000       0xa3 Dave/Generated/src/DAVESupport/MULTIPLEXER.o
 .debug_macro   0x00000000      0x20e Dave/Generated/src/DAVESupport/MULTIPLEXER.o
 .debug_macro   0x00000000       0x1f Dave/Generated/src/DAVESupport/MULTIPLEXER.o
 .debug_macro   0x00000000      0x242 Dave/Generated/src/DAVESupport/MULTIPLEXER.o
 .debug_macro   0x00000000       0x36 Dave/Generated/src/DAVESupport/MULTIPLEXER.o
 .debug_macro   0x00000000     0x4d2c Dave/Generated/src/DAVESupport/MULTIPLEXER.o
 .debug_macro   0x00000000      0x16c Dave/Generated/src/DAVESupport/MULTIPLEXER.o
 .debug_macro   0x00000000       0x22 Dave/Generated/src/DAVESupport/MULTIPLEXER.o
 .debug_macro   0x00000000      0x311 Dave/Generated/src/DAVESupport/MULTIPLEXER.o
 .debug_macro   0x00000000      0x130 Dave/Generated/src/DAVESupport/MULTIPLEXER.o
 .debug_macro   0x00000000       0x1c Dave/Generated/src/DAVESupport/MULTIPLEXER.o
 .comment       0x00000000       0x71 Dave/Generated/src/DAVESupport/MULTIPLEXER.o

Memory Configuration

Name             Origin             Length             Attributes
FLASH            0x10001000         0x00010000         xr
SRAM             0x20000000         0x00004000         !xr
*default*        0x00000000         0xffffffff

Linker script and memory map

LOAD Startup/startup_XMC1100.o
LOAD Startup/system_XMC1100.o
LOAD Main.o
LOAD Lib/System_LibcStubs.o
LOAD Dave/Generated/src/NVIC002/NVIC002.o
LOAD Dave/Generated/src/NVIC002/NVIC002_Conf.o
LOAD Dave/Generated/src/DAVESupport/DAVE3.o
LOAD Dave/Generated/src/DAVESupport/MULTIPLEXER.o
START GROUP
LOAD c:/dave-3.1.10/arm-gcc/bin/../lib/gcc/arm-none-eabi/4.7.4/armv6-m\libgcc.a
LOAD c:/dave-3.1.10/arm-gcc/bin/../lib/gcc/arm-none-eabi/4.7.4/../../../../arm-none-eabi/lib/armv6-m\libg.a
LOAD c:/dave-3.1.10/arm-gcc/bin/../lib/gcc/arm-none-eabi/4.7.4/../../../../arm-none-eabi/lib/armv6-m\libc.a
END GROUP
                0x00000800                stack_size = 0x800

.text           0x10001000      0x8f0
                0x10001000                sText = .
 *(.Xmc1100.reset)
 .Xmc1100.reset
                0x10001000       0x2c Startup/startup_XMC1100.o
                0x10001000                __Xmc1100_interrupt_vector_cortex_m
                0x10001018                __Xmc1100_reset_cortex_m
 *(.Xmc1100.postreset)
 .Xmc1100.postreset
                0x1000102c       0xa0 Startup/startup_XMC1100.o
 *(.XmcStartup)
 .XmcStartup    0x100010cc        0x8 Startup/startup_XMC1100.o
                0x100010cc                software_init_hook
                0x100010d0                hardware_init_hook
 *(.text .text.* .gnu.linkonce.t.*)
 .text          0x100010d4       0x30 Startup/startup_XMC1100.o
                0x100010d4                NMI_Handler
                0x100010d6                HardFault_Handler
                0x100010d8                SVC_Handler
                0x100010da                PendSV_Handler
                0x100010dc                SysTick_Handler
                0x100010de                SCU_0_IRQHandler
                0x100010e0                SCU_1_IRQHandler
                0x100010e2                SCU_2_IRQHandler
                0x100010e4                ERU0_0_IRQHandler
                0x100010e6                ERU0_1_IRQHandler
                0x100010e8                ERU0_2_IRQHandler
                0x100010ea                ERU0_3_IRQHandler
                0x100010ec                VADC0_C0_0_IRQHandler
                0x100010ee                VADC0_C0_1_IRQHandler
                0x100010f0                CCU40_0_IRQHandler
                0x100010f2                CCU40_1_IRQHandler
                0x100010f4                CCU40_2_IRQHandler
                0x100010f6                CCU40_3_IRQHandler
                0x100010f8                USIC0_0_IRQHandler
                0x100010fa                USIC0_1_IRQHandler
                0x100010fc                USIC0_2_IRQHandler
                0x100010fe                USIC0_3_IRQHandler
                0x10001100                USIC0_4_IRQHandler
                0x10001102                USIC0_5_IRQHandler
 .text          0x10001104        0x0 Startup/system_XMC1100.o
 .text.SystemInit
                0x10001104        0xc Startup/system_XMC1100.o
                0x10001104                SystemInit
 .text.SystemCoreClockUpdate
                0x10001110       0x5c Startup/system_XMC1100.o
                0x10001110                SystemCoreClockUpdate
 .text          0x1000116c        0x0 Main.o
 .text.P0_5_set_mode
                0x1000116c       0x38 Main.o
 .text.P0_5_set
                0x100011a4       0x14 Main.o
 .text.P0_5_toggle
                0x100011b8       0x18 Main.o
 .text.P0_6_set_mode
                0x100011d0       0x38 Main.o
 .text.P0_6_set_large_hysteresis
                0x10001208       0x1c Main.o
 .text.P0_6_read
                0x10001224       0x18 Main.o
 .text.P1_4_set_mode
                0x1000123c       0x30 Main.o
 .text.P1_4_set_large_hysteresis
                0x1000126c       0x1c Main.o
 .text.P1_4_read
                0x10001288       0x18 Main.o
 .text.main     0x100012a0      0x134 Main.o
                0x100012a0                main
 .text.IRQ_Hdlr_26
                0x100013d4       0x4c Main.o
                0x100013d4                IRQ_Hdlr_26
 .text          0x10001420        0x0 Lib/System_LibcStubs.o
 .text._open    0x10001420       0x18 Lib/System_LibcStubs.o
                0x10001420                _open
 .text._lseek   0x10001438       0x18 Lib/System_LibcStubs.o
                0x10001438                _lseek
 .text._read    0x10001450       0x18 Lib/System_LibcStubs.o
                0x10001450                _read
 .text._write   0x10001468       0x18 Lib/System_LibcStubs.o
                0x10001468                _write
 .text._close   0x10001480       0x10 Lib/System_LibcStubs.o
                0x10001480                _close
 .text._fstat   0x10001490       0x24 Lib/System_LibcStubs.o
                0x10001490                _fstat
 .text._link    0x100014b4       0x24 Lib/System_LibcStubs.o
                0x100014b4                _link
 .text._unlink  0x100014d8       0x14 Lib/System_LibcStubs.o
                0x100014d8                _unlink
 .text._sbrk    0x100014ec       0x6c Lib/System_LibcStubs.o
                0x100014ec                _sbrk
 .text._times   0x10001558       0x14 Lib/System_LibcStubs.o
                0x10001558                _times
 .text._wait    0x1000156c       0x14 Lib/System_LibcStubs.o
                0x1000156c                _wait
 .text._kill    0x10001580       0x18 Lib/System_LibcStubs.o
                0x10001580                _kill
 .text._fork    0x10001598       0x10 Lib/System_LibcStubs.o
                0x10001598                _fork
 .text._getpid  0x100015a8       0x10 Lib/System_LibcStubs.o
                0x100015a8                _getpid
 .text._exit    0x100015b8        0xc Lib/System_LibcStubs.o
                0x100015b8                _exit
 .text._init    0x100015c4        0x8 Lib/System_LibcStubs.o
                0x100015c4                _init
 .text._isatty  0x100015cc       0x14 Lib/System_LibcStubs.o
                0x100015cc                _isatty
 .text          0x100015e0        0x0 Dave/Generated/src/NVIC002/NVIC002.o
 .text.NVIC_EnableIRQ
                0x100015e0       0x2c Dave/Generated/src/NVIC002/NVIC002.o
 .text.NVIC_SetPriority
                0x1000160c       0xe0 Dave/Generated/src/NVIC002/NVIC002.o
 .text.NVIC002_EnableIRQ
                0x100016ec       0x1c Dave/Generated/src/NVIC002/NVIC002.o
 .text.NVIC002_Init
                0x10001708       0x30 Dave/Generated/src/NVIC002/NVIC002.o
                0x10001708                NVIC002_Init
 .text.NVIC002_lInit
                0x10001738       0x34 Dave/Generated/src/NVIC002/NVIC002.o
 .text          0x1000176c        0x0 Dave/Generated/src/NVIC002/NVIC002_Conf.o
 .text          0x1000176c        0x0 Dave/Generated/src/DAVESupport/DAVE3.o
 .text.DAVE_Init
                0x1000176c       0x14 Dave/Generated/src/DAVESupport/DAVE3.o
                0x1000176c                DAVE_Init
 .text          0x10001780        0x0 Dave/Generated/src/DAVESupport/MULTIPLEXER.o
 .text.DAVE_MUX_Init
                0x10001780        0x8 Dave/Generated/src/DAVESupport/MULTIPLEXER.o
                0x10001780                DAVE_MUX_Init
 .text.DAVE_MUX_PreInit
                0x10001788        0x8 Dave/Generated/src/DAVESupport/MULTIPLEXER.o
                0x10001788                DAVE_MUX_PreInit
 .text          0x10001790       0x9c c:/dave-3.1.10/arm-gcc/bin/../lib/gcc/arm-none-eabi/4.7.4/armv6-m\libgcc.a(_udivsi3.o)
                0x10001790                __aeabi_uidiv
                0x10001790                __udivsi3
                0x10001818                __aeabi_uidivmod
 .text          0x1000182c       0xc0 c:/dave-3.1.10/arm-gcc/bin/../lib/gcc/arm-none-eabi/4.7.4/armv6-m\libgcc.a(_divsi3.o)
                0x1000182c                __divsi3
                0x1000182c                __aeabi_idiv
                0x100018d8                __aeabi_idivmod
 .text          0x100018ec        0x4 c:/dave-3.1.10/arm-gcc/bin/../lib/gcc/arm-none-eabi/4.7.4/armv6-m\libgcc.a(_dvmd_tls.o)
                0x100018ec                __aeabi_idiv0
                0x100018ec                __aeabi_ldiv0
 *(.glue*)
 .glue_7        0x00000000        0x0 linker stubs
 .glue_7t       0x00000000        0x0 linker stubs
 *(.v4*)
 .v4_bx         0x00000000        0x0 linker stubs
 *(.vfp11_veneer)
 .vfp11_veneer  0x00000000        0x0 linker stubs
 *(.init)
                0x100018f0                __preinit_array_start = .
 *(.preinit_array)
                0x100018f0                __preinit_array_end = .
                0x100018f0                __init_array_start = .
 *(SORT(.init_array.*))
 *(.init_array)
                0x100018f0                __init_array_end = .
 *crtbegin.o(.ctors)
 *(EXCLUDE_FILE(*crtend.o) .ctors)
 *(SORT(.ctors.*))
 *crtend.o(.ctors)
 *(.fini)
                0x100018f0                __fini_array_start = .
 *(.fini_array)
 *(SORT(.fini_array.*))
                0x100018f0                __fini_array_end = .
 *crtbegin.o(.dtors)
 *(EXCLUDE_FILE(*crtend.o) .dtors)
 *(SORT(.dtors.*))
 *crtend.o(.dtors)
                0x100018f0                __extab_start = .
 *(.ARM.extab* .gnu.linkonce.armextab.*)
 .ARM.extab.Xmc1100.reset
                0x100018f0        0x0 Startup/startup_XMC1100.o
 .ARM.extab.Xmc1100.postreset
                0x100018f0        0x0 Startup/startup_XMC1100.o
                0x100018f0                . = ALIGN (0x4)
                0x100018f0                __extab_end = ABSOLUTE (.)

.iplt           0x100018f0        0x0
 .iplt          0x00000000        0x0 Startup/startup_XMC1100.o

.ARM.exidx      0x100018f0       0x10
                0x100018f0                __exidx_start = .
 *(.ARM.exidx* .gnu.linkonce.armexidx.*)
 .ARM.exidx.Xmc1100.reset
                0x100018f0        0x8 Startup/startup_XMC1100.o
 .ARM.exidx.Xmc1100.postreset
                0x100018f8        0x8 Startup/startup_XMC1100.o
                0x10001900                . = ALIGN (0x4)
                0x10001900                __exidx_end = ABSOLUTE (.)

.rodata         0x10001900        0x4
 *(.rodata .rodata.*)
 .rodata        0x10001900        0x4 Dave/Generated/src/NVIC002/NVIC002_Conf.o
                0x10001900                NVIC002_Handle0
 *(.gnu.linkonce.r*)
                0x10001910                . = ALIGN (0x10)
                0x10001910                eROData = .
                0x10001910                VeneerLoadAddr = ABSOLUTE (eROData)

.VENEER_Code    0x2000000c      0x110 load address 0x10001910
                0x2000000c                VeneerStart = .
 *(.XmcVeneerCode)
 .XmcVeneerCode
                0x2000000c      0x110 Startup/startup_XMC1100.o
                0x2000000c                HardFault_Veneer
                0x2000002c                SVC_Veneer
                0x20000038                PendSV_Veneer
                0x2000003c                SysTick_Veneer
                0x20000040                SCU_0_Veneer
                0x20000044                SCU_1_Veneer
                0x20000048                SCU_2_Veneer
                0x2000004c                SCU_3_Veneer
                0x20000050                SCU_4_Veneer
                0x20000054                SCU_5_Veneer
                0x20000058                SCU_6_Veneer
                0x20000064                USIC0_0_Veneer
                0x20000068                USIC0_1_Veneer
                0x2000006c                USIC0_2_Veneer
                0x20000070                USIC0_3_Veneer
                0x20000074                USIC0_4_Veneer
                0x20000078                USIC0_5_Veneer
                0x2000007c                VADC0_C0_0_Veneer
                0x20000080                VADC0_C0_1_Veneer
                0x20000094                CCU40_0_Veneer
                0x20000098                CCU40_1_Veneer
                0x2000009c                CCU40_2_Veneer
                0x200000a0                CCU40_3_Veneer
                0x2000011c                . = ALIGN (0x4)
                0x2000011c                VeneerEnd = .
                0x00000110                VeneerSize = (ABSOLUTE (VeneerEnd) - ABSOLUTE (VeneerStart))

.rel.dyn        0x2000011c        0x0 load address 0x10001a20
 .rel.iplt      0x00000000        0x0 Startup/startup_XMC1100.o

.GUARD_Band     0x2000011c        0x4 load address 0x00000000
                0x2000011f                . = (. + 0x3)
 *fill*         0x2000011c        0x3 00
                0x20000120                . = ALIGN (0x10)
 *fill*         0x2000011f        0x1 00
                0x20000120                Guard_Band_End = .

Stack           0x20000120      0x800 load address 0x00000000
                0x20000920                . = (. + stack_size)
 *fill*         0x20000120      0x800 00
                0x20000920                __Xmc1100_stack = .

.bss            0x20000920       0x1c
                0x20000920                __Xmc1100_sBSS = .
 *(.bss)
 .bss           0x20000920        0x0 Startup/startup_XMC1100.o
 .bss           0x20000920        0x0 Startup/system_XMC1100.o
 .bss           0x20000920        0xc Main.o
 .bss           0x2000092c        0xc Lib/System_LibcStubs.o
                0x2000092c                __dso_handle
 .bss           0x20000938        0x0 Dave/Generated/src/NVIC002/NVIC002.o
 .bss           0x20000938        0x0 Dave/Generated/src/NVIC002/NVIC002_Conf.o
 .bss           0x20000938        0x0 Dave/Generated/src/DAVESupport/DAVE3.o
 .bss           0x20000938        0x0 Dave/Generated/src/DAVESupport/MULTIPLEXER.o
 .bss           0x20000938        0x0 c:/dave-3.1.10/arm-gcc/bin/../lib/gcc/arm-none-eabi/4.7.4/armv6-m\libgcc.a(_udivsi3.o)
 .bss           0x20000938        0x0 c:/dave-3.1.10/arm-gcc/bin/../lib/gcc/arm-none-eabi/4.7.4/armv6-m\libgcc.a(_divsi3.o)
 .bss           0x20000938        0x0 c:/dave-3.1.10/arm-gcc/bin/../lib/gcc/arm-none-eabi/4.7.4/armv6-m\libgcc.a(_dvmd_tls.o)
 *(.bss*)
 *(COMMON)
 COMMON         0x20000938        0x4 Startup/system_XMC1100.o
                0x20000938                SystemCoreClock
 *(.gnu.linkonce.b*)
                0x2000093c                __Xmc1100_eBSS = ALIGN (0x4)
                0x0000001c                __Xmc1100_BSS_Size = (__Xmc1100_eBSS - __Xmc1100_sBSS)
                0x10001a20                DataLoadAddr = (eROData + VeneerSize)

.data           0x20000940        0x4 load address 0x10001a20
                0x20000940                __Xmc1100_sData = .
 *(.data)
 .data          0x20000940        0x0 Startup/startup_XMC1100.o
 .data          0x20000940        0x0 Startup/system_XMC1100.o
 .data          0x20000940        0x0 Main.o
 .data          0x20000940        0x0 Lib/System_LibcStubs.o
 .data          0x20000940        0x0 Dave/Generated/src/NVIC002/NVIC002.o
 .data          0x20000940        0x4 Dave/Generated/src/NVIC002/NVIC002_Conf.o
                0x20000940                NVIC002_HandleArray
 .data          0x20000944        0x0 Dave/Generated/src/DAVESupport/DAVE3.o
 .data          0x20000944        0x0 Dave/Generated/src/DAVESupport/MULTIPLEXER.o
 .data          0x20000944        0x0 c:/dave-3.1.10/arm-gcc/bin/../lib/gcc/arm-none-eabi/4.7.4/armv6-m\libgcc.a(_udivsi3.o)
 .data          0x20000944        0x0 c:/dave-3.1.10/arm-gcc/bin/../lib/gcc/arm-none-eabi/4.7.4/armv6-m\libgcc.a(_divsi3.o)
 .data          0x20000944        0x0 c:/dave-3.1.10/arm-gcc/bin/../lib/gcc/arm-none-eabi/4.7.4/armv6-m\libgcc.a(_dvmd_tls.o)
 *(.data*)
 *(*.data)
 *(.gnu.linkonce.d*)
                0x20000944                __Xmc1100_eData = ALIGN (0x4)
                0x00000004                __Xmc1100_Data_Size = (__Xmc1100_eData - __Xmc1100_sData)

.igot.plt       0x20000944        0x0 load address 0x10001a24
 .igot.plt      0x00000000        0x0 Startup/startup_XMC1100.o

.ram_code       0x20000944        0x0 load address 0x10001a24
                0x20000944                __ram_code_start = .
 *(.ram_code)
                0x20000944                __ram_code_end = .
                0x10001a24                __ram_code_load = LOADADDR (.ram_code)
                0x00000000                __ram_code_size = (__ram_code_end - __ram_code_start)
                0x20000948                __Xmc1100_heap_start = ALIGN (0x8)
                0x20004000                __Xmc1100_heap_end = (ORIGIN (SRAM) + 0x4000)
                0x20000948                Heap_Bank1_Start = __Xmc1100_heap_start
                0x000036b8                Heap_Bank1_Size = (__Xmc1100_heap_end - __Xmc1100_heap_start)

/DISCARD/
 *(.comment)

.stab
 *(.stab)

.stabstr
 *(.stabstr)

.debug
 *(.debug)

.line
 *(.line)

.debug_srcinfo
 *(.debug_srcinfo)

.debug_sfnames
 *(.debug_sfnames)

.debug_aranges  0x00000000      0x218
 *(.debug_aranges)
 .debug_aranges
                0x00000000       0x40 Startup/startup_XMC1100.o
 .debug_aranges
                0x00000040       0x28 Startup/system_XMC1100.o
 .debug_aranges
                0x00000068       0x70 Main.o
 .debug_aranges
                0x000000d8       0xa0 Lib/System_LibcStubs.o
 .debug_aranges
                0x00000178       0x40 Dave/Generated/src/NVIC002/NVIC002.o
 .debug_aranges
                0x000001b8       0x18 Dave/Generated/src/NVIC002/NVIC002_Conf.o
 .debug_aranges
                0x000001d0       0x20 Dave/Generated/src/DAVESupport/DAVE3.o
 .debug_aranges
                0x000001f0       0x28 Dave/Generated/src/DAVESupport/MULTIPLEXER.o

.debug_pubnames
 *(.debug_pubnames)

.debug_pubtypes
 *(.debug_pubtypes)

.debug_info     0x00000000     0x143a
 *(.debug_info .gnu.linkonce.wi.*)
 .debug_info    0x00000000       0x70 Startup/startup_XMC1100.o
 .debug_info    0x00000070      0x15f Startup/system_XMC1100.o
 .debug_info    0x000001cf      0x568 Main.o
 .debug_info    0x00000737      0x65f Lib/System_LibcStubs.o
 .debug_info    0x00000d96      0x463 Dave/Generated/src/NVIC002/NVIC002.o
 .debug_info    0x000011f9      0x109 Dave/Generated/src/NVIC002/NVIC002_Conf.o
 .debug_info    0x00001302       0x91 Dave/Generated/src/DAVESupport/DAVE3.o
 .debug_info    0x00001393       0xa7 Dave/Generated/src/DAVESupport/MULTIPLEXER.o

.debug_abbrev   0x00000000      0x639
 *(.debug_abbrev)
 .debug_abbrev  0x00000000       0x12 Startup/startup_XMC1100.o
 .debug_abbrev  0x00000012       0xc5 Startup/system_XMC1100.o
 .debug_abbrev  0x000000d7      0x19e Main.o
 .debug_abbrev  0x00000275      0x149 Lib/System_LibcStubs.o
 .debug_abbrev  0x000003be      0x166 Dave/Generated/src/NVIC002/NVIC002.o
 .debug_abbrev  0x00000524       0x87 Dave/Generated/src/NVIC002/NVIC002_Conf.o
 .debug_abbrev  0x000005ab       0x47 Dave/Generated/src/DAVESupport/DAVE3.o
 .debug_abbrev  0x000005f2       0x47 Dave/Generated/src/DAVESupport/MULTIPLEXER.o

.debug_line     0x00000000     0x1eba
 *(.debug_line)
 .debug_line    0x00000000      0x13d Startup/startup_XMC1100.o
 .debug_line    0x0000013d      0x2f6 Startup/system_XMC1100.o
 .debug_line    0x00000433      0x5d9 Main.o
 .debug_line    0x00000a0c      0x3c0 Lib/System_LibcStubs.o
 .debug_line    0x00000dcc      0x3f6 Dave/Generated/src/NVIC002/NVIC002.o
 .debug_line    0x000011c2      0x37e Dave/Generated/src/NVIC002/NVIC002_Conf.o
 .debug_line    0x00001540      0x4b3 Dave/Generated/src/DAVESupport/DAVE3.o
 .debug_line    0x000019f3      0x4c7 Dave/Generated/src/DAVESupport/MULTIPLEXER.o

.debug_frame    0x00000000      0x52c
 *(.debug_frame)
 .debug_frame   0x00000000       0x4c Startup/system_XMC1100.o
 .debug_frame   0x0000004c      0x154 Main.o
 .debug_frame   0x000001a0      0x220 Lib/System_LibcStubs.o
 .debug_frame   0x000003c0       0xb8 Dave/Generated/src/NVIC002/NVIC002.o
 .debug_frame   0x00000478       0x2c Dave/Generated/src/DAVESupport/DAVE3.o
 .debug_frame   0x000004a4       0x48 Dave/Generated/src/DAVESupport/MULTIPLEXER.o
 .debug_frame   0x000004ec       0x20 c:/dave-3.1.10/arm-gcc/bin/../lib/gcc/arm-none-eabi/4.7.4/armv6-m\libgcc.a(_udivsi3.o)
 .debug_frame   0x0000050c       0x20 c:/dave-3.1.10/arm-gcc/bin/../lib/gcc/arm-none-eabi/4.7.4/armv6-m\libgcc.a(_divsi3.o)

.debug_str      0x00000000    0x24e23
 *(.debug_str)
 .debug_str     0x00000000    0x20673 Startup/system_XMC1100.o
                              0x207a9 (size before relaxing)
 .debug_str     0x00020673     0x164f Main.o
                              0x21dc4 (size before relaxing)
 .debug_str     0x00021cc2     0x2e23 Lib/System_LibcStubs.o
                               0x57d7 (size before relaxing)
 .debug_str     0x00024ae5      0x27e Dave/Generated/src/NVIC002/NVIC002.o
                              0x20cbd (size before relaxing)
 .debug_str     0x00024d63       0x3d Dave/Generated/src/NVIC002/NVIC002_Conf.o
                              0x20a86 (size before relaxing)
 .debug_str     0x00024da0       0x34 Dave/Generated/src/DAVESupport/DAVE3.o
                              0x218cf (size before relaxing)
 .debug_str     0x00024dd4       0x4f Dave/Generated/src/DAVESupport/MULTIPLEXER.o
                              0x218ea (size before relaxing)

.debug_loc      0x00000000      0x79c
 *(.debug_loc)
 .debug_loc     0x00000000       0x64 Startup/system_XMC1100.o
 .debug_loc     0x00000064      0x214 Main.o
 .debug_loc     0x00000278      0x388 Lib/System_LibcStubs.o
 .debug_loc     0x00000600      0x118 Dave/Generated/src/NVIC002/NVIC002.o
 .debug_loc     0x00000718       0x2c Dave/Generated/src/DAVESupport/DAVE3.o
 .debug_loc     0x00000744       0x58 Dave/Generated/src/DAVESupport/MULTIPLEXER.o

.debug_macinfo
 *(.debug_macinfo)

.debug_ranges   0x00000000      0x1b0
 *(.debug_ranges)
 .debug_ranges  0x00000000       0x38 Startup/startup_XMC1100.o
 .debug_ranges  0x00000038       0x18 Startup/system_XMC1100.o
 .debug_ranges  0x00000050       0x78 Main.o
 .debug_ranges  0x000000c8       0x90 Lib/System_LibcStubs.o
 .debug_ranges  0x00000158       0x30 Dave/Generated/src/NVIC002/NVIC002.o
 .debug_ranges  0x00000188       0x10 Dave/Generated/src/DAVESupport/DAVE3.o
 .debug_ranges  0x00000198       0x18 Dave/Generated/src/DAVESupport/MULTIPLEXER.o

.debug_weaknames
 *(.debug_weaknames)

.debug_funcnames
 *(.debug_funcnames)

.debug_typenames
 *(.debug_typenames)

.debug_varnames
 *(.debug_varnames)

.build_attributes
                0x00000000      0x1d2
 *(.ARM.attributes)
 .ARM.attributes
                0x00000000       0x21 Startup/startup_XMC1100.o
 .ARM.attributes
                0x00000021       0x31 Startup/system_XMC1100.o
 .ARM.attributes
                0x00000052       0x31 Main.o
 .ARM.attributes
                0x00000083       0x31 Lib/System_LibcStubs.o
 .ARM.attributes
                0x000000b4       0x31 Dave/Generated/src/NVIC002/NVIC002.o
 .ARM.attributes
                0x000000e5       0x31 Dave/Generated/src/NVIC002/NVIC002_Conf.o
 .ARM.attributes
                0x00000116       0x31 Dave/Generated/src/DAVESupport/DAVE3.o
 .ARM.attributes
                0x00000147       0x31 Dave/Generated/src/DAVESupport/MULTIPLEXER.o
 .ARM.attributes
                0x00000178       0x1e c:/dave-3.1.10/arm-gcc/bin/../lib/gcc/arm-none-eabi/4.7.4/armv6-m\libgcc.a(_udivsi3.o)
 .ARM.attributes
                0x00000196       0x1e c:/dave-3.1.10/arm-gcc/bin/../lib/gcc/arm-none-eabi/4.7.4/armv6-m\libgcc.a(_divsi3.o)
 .ARM.attributes
                0x000001b4       0x1e c:/dave-3.1.10/arm-gcc/bin/../lib/gcc/arm-none-eabi/4.7.4/armv6-m\libgcc.a(_dvmd_tls.o)
OUTPUT(boschSpeedUp.elf elf32-littlearm)

.debug_macro    0x00000000     0x7331
 .debug_macro   0x00000000       0xb7 Startup/system_XMC1100.o
 .debug_macro   0x000000b7      0x7f0 Startup/system_XMC1100.o
 .debug_macro   0x000008a7       0x3a Startup/system_XMC1100.o
 .debug_macro   0x000008e1       0x10 Startup/system_XMC1100.o
 .debug_macro   0x000008f1       0x2e Startup/system_XMC1100.o
 .debug_macro   0x0000091f       0xa3 Startup/system_XMC1100.o
 .debug_macro   0x000009c2      0x20e Startup/system_XMC1100.o
 .debug_macro   0x00000bd0       0x36 Startup/system_XMC1100.o
 .debug_macro   0x00000c06       0x22 Startup/system_XMC1100.o
 .debug_macro   0x00000c28       0x3a Startup/system_XMC1100.o
 .debug_macro   0x00000c62       0x1f Startup/system_XMC1100.o
 .debug_macro   0x00000c81      0x242 Startup/system_XMC1100.o
 .debug_macro   0x00000ec3     0x4d2c Startup/system_XMC1100.o
 .debug_macro   0x00005bef      0x143 Main.o
 .debug_macro   0x00005d32      0x16c Main.o
 .debug_macro   0x00005e9e       0x22 Main.o
 .debug_macro   0x00005ec0      0x311 Main.o
 .debug_macro   0x000061d1      0x130 Main.o
 .debug_macro   0x00006301       0x1c Main.o
 .debug_macro   0x0000631d       0xac Main.o
 .debug_macro   0x000063c9      0x119 Lib/System_LibcStubs.o
 .debug_macro   0x000064e2       0x3a Lib/System_LibcStubs.o
 .debug_macro   0x0000651c       0x52 Lib/System_LibcStubs.o
 .debug_macro   0x0000656e       0x19 Lib/System_LibcStubs.o
 .debug_macro   0x00006587      0x16d Lib/System_LibcStubs.o
 .debug_macro   0x000066f4       0x10 Lib/System_LibcStubs.o
 .debug_macro   0x00006704       0x16 Lib/System_LibcStubs.o
 .debug_macro   0x0000671a       0x89 Lib/System_LibcStubs.o
 .debug_macro   0x000067a3       0x10 Lib/System_LibcStubs.o
 .debug_macro   0x000067b3       0xf5 Lib/System_LibcStubs.o
 .debug_macro   0x000068a8       0x22 Lib/System_LibcStubs.o
 .debug_macro   0x000068ca       0x91 Lib/System_LibcStubs.o
 .debug_macro   0x0000695b       0x34 Lib/System_LibcStubs.o
 .debug_macro   0x0000698f      0x120 Lib/System_LibcStubs.o
 .debug_macro   0x00006aaf       0x16 Lib/System_LibcStubs.o
 .debug_macro   0x00006ac5       0x35 Lib/System_LibcStubs.o
 .debug_macro   0x00006afa      0x495 Lib/System_LibcStubs.o
 .debug_macro   0x00006f8f       0xce Dave/Generated/src/NVIC002/NVIC002.o
 .debug_macro   0x0000705d       0xce Dave/Generated/src/NVIC002/NVIC002_Conf.o
 .debug_macro   0x0000712b      0x103 Dave/Generated/src/DAVESupport/DAVE3.o
 .debug_macro   0x0000722e      0x103 Dave/Generated/src/DAVESupport/MULTIPLEXER.o
