Archive member included because of file (symbol)

c:/dave-3.1.10/arm-gcc/bin/../lib/gcc/arm-none-eabi/4.7.4/armv6-m\libgcc.a(_udivsi3.o)
                              Startup/system_XMC1100.o (__aeabi_uidiv)
c:/dave-3.1.10/arm-gcc/bin/../lib/gcc/arm-none-eabi/4.7.4/armv6-m\libgcc.a(_divsi3.o)
                              Main.o (__aeabi_idiv)
c:/dave-3.1.10/arm-gcc/bin/../lib/gcc/arm-none-eabi/4.7.4/armv6-m\libgcc.a(_dvmd_tls.o)
                              c:/dave-3.1.10/arm-gcc/bin/../lib/gcc/arm-none-eabi/4.7.4/armv6-m\libgcc.a(_udivsi3.o) (__aeabi_idiv0)
c:/dave-3.1.10/arm-gcc/bin/../lib/gcc/arm-none-eabi/4.7.4/armv6-m\libgcc.a(_arm_cmpsf2.o)
                              Dave/Generated/src/PWMSP001/PWMSP001.o (__aeabi_fcmpeq)
c:/dave-3.1.10/arm-gcc/bin/../lib/gcc/arm-none-eabi/4.7.4/armv6-m\libgcc.a(_fixunssfsi.o)
                              Dave/Generated/src/PWMSP001/PWMSP001.o (__aeabi_f2uiz)
c:/dave-3.1.10/arm-gcc/bin/../lib/gcc/arm-none-eabi/4.7.4/armv6-m\libgcc.a(divsf3.o)
                              Dave/Generated/src/PWMSP001/PWMSP001.o (__aeabi_fdiv)
c:/dave-3.1.10/arm-gcc/bin/../lib/gcc/arm-none-eabi/4.7.4/armv6-m\libgcc.a(eqsf2.o)
                              c:/dave-3.1.10/arm-gcc/bin/../lib/gcc/arm-none-eabi/4.7.4/armv6-m\libgcc.a(_arm_cmpsf2.o) (__eqsf2)
c:/dave-3.1.10/arm-gcc/bin/../lib/gcc/arm-none-eabi/4.7.4/armv6-m\libgcc.a(gesf2.o)
                              c:/dave-3.1.10/arm-gcc/bin/../lib/gcc/arm-none-eabi/4.7.4/armv6-m\libgcc.a(_arm_cmpsf2.o) (__gesf2)
c:/dave-3.1.10/arm-gcc/bin/../lib/gcc/arm-none-eabi/4.7.4/armv6-m\libgcc.a(lesf2.o)
                              c:/dave-3.1.10/arm-gcc/bin/../lib/gcc/arm-none-eabi/4.7.4/armv6-m\libgcc.a(_arm_cmpsf2.o) (__lesf2)
c:/dave-3.1.10/arm-gcc/bin/../lib/gcc/arm-none-eabi/4.7.4/armv6-m\libgcc.a(mulsf3.o)
                              Dave/Generated/src/PWMSP001/PWMSP001.o (__aeabi_fmul)
c:/dave-3.1.10/arm-gcc/bin/../lib/gcc/arm-none-eabi/4.7.4/armv6-m\libgcc.a(subsf3.o)
                              Dave/Generated/src/PWMSP001/PWMSP001.o (__aeabi_fsub)
c:/dave-3.1.10/arm-gcc/bin/../lib/gcc/arm-none-eabi/4.7.4/armv6-m\libgcc.a(fixsfsi.o)
                              c:/dave-3.1.10/arm-gcc/bin/../lib/gcc/arm-none-eabi/4.7.4/armv6-m\libgcc.a(_fixunssfsi.o) (__aeabi_f2iz)
c:/dave-3.1.10/arm-gcc/bin/../lib/gcc/arm-none-eabi/4.7.4/armv6-m\libgcc.a(floatunsisf.o)
                              Dave/Generated/src/PWMSP001/PWMSP001.o (__aeabi_ui2f)
c:/dave-3.1.10/arm-gcc/bin/../lib/gcc/arm-none-eabi/4.7.4/armv6-m\libgcc.a(_clzsi2.o)
                              c:/dave-3.1.10/arm-gcc/bin/../lib/gcc/arm-none-eabi/4.7.4/armv6-m\libgcc.a(divsf3.o) (__clzsi2)

Allocating common symbols
Common symbol       size              file

SystemCoreClock     0x4               Startup/system_XMC1100.o

Discarded input sections

 .group         0x00000000        0x8 Startup/system_XMC1100.o
 .group         0x00000000        0x8 Startup/system_XMC1100.o
 .group         0x00000000        0x8 Startup/system_XMC1100.o
 .group         0x00000000        0x8 Startup/system_XMC1100.o
 .group         0x00000000        0x8 Startup/system_XMC1100.o
 .group         0x00000000        0x8 Startup/system_XMC1100.o
 .group         0x00000000        0x8 Startup/system_XMC1100.o
 .group         0x00000000        0x8 Startup/system_XMC1100.o
 .group         0x00000000        0x8 Startup/system_XMC1100.o
 .group         0x00000000        0x8 Startup/system_XMC1100.o
 .group         0x00000000        0x8 Startup/system_XMC1100.o
 .group         0x00000000        0x8 Startup/system_XMC1100.o
 .comment       0x00000000       0x71 Startup/system_XMC1100.o
 .group         0x00000000        0x8 Main.o
 .group         0x00000000        0x8 Main.o
 .group         0x00000000        0x8 Main.o
 .group         0x00000000        0x8 Main.o
 .group         0x00000000        0x8 Main.o
 .group         0x00000000        0x8 Main.o
 .group         0x00000000        0x8 Main.o
 .group         0x00000000        0x8 Main.o
 .group         0x00000000        0x8 Main.o
 .group         0x00000000        0x8 Main.o
 .group         0x00000000        0x8 Main.o
 .group         0x00000000        0x8 Main.o
 .group         0x00000000        0x8 Main.o
 .group         0x00000000        0x8 Main.o
 .group         0x00000000        0x8 Main.o
 .group         0x00000000        0x8 Main.o
 .group         0x00000000        0x8 Main.o
 .group         0x00000000        0x8 Main.o
 .group         0x00000000        0x8 Main.o
 .group         0x00000000        0x8 Main.o
 .debug_macro   0x00000000      0x7f0 Main.o
 .debug_macro   0x00000000       0x22 Main.o
 .debug_macro   0x00000000       0x3a Main.o
 .debug_macro   0x00000000       0x3a Main.o
 .debug_macro   0x00000000       0x10 Main.o
 .debug_macro   0x00000000       0x2e Main.o
 .debug_macro   0x00000000       0xa3 Main.o
 .debug_macro   0x00000000      0x20e Main.o
 .debug_macro   0x00000000       0x1f Main.o
 .debug_macro   0x00000000      0x242 Main.o
 .debug_macro   0x00000000       0x36 Main.o
 .debug_macro   0x00000000     0x4d2c Main.o
 .comment       0x00000000       0x71 Main.o
 .group         0x00000000        0x8 Lib/System_LibcStubs.o
 .group         0x00000000        0x8 Lib/System_LibcStubs.o
 .group         0x00000000        0x8 Lib/System_LibcStubs.o
 .group         0x00000000        0x8 Lib/System_LibcStubs.o
 .group         0x00000000        0x8 Lib/System_LibcStubs.o
 .group         0x00000000        0x8 Lib/System_LibcStubs.o
 .group         0x00000000        0x8 Lib/System_LibcStubs.o
 .group         0x00000000        0x8 Lib/System_LibcStubs.o
 .group         0x00000000        0x8 Lib/System_LibcStubs.o
 .group         0x00000000        0x8 Lib/System_LibcStubs.o
 .group         0x00000000        0x8 Lib/System_LibcStubs.o
 .group         0x00000000        0x8 Lib/System_LibcStubs.o
 .group         0x00000000        0x8 Lib/System_LibcStubs.o
 .group         0x00000000        0x8 Lib/System_LibcStubs.o
 .group         0x00000000        0x8 Lib/System_LibcStubs.o
 .group         0x00000000        0x8 Lib/System_LibcStubs.o
 .group         0x00000000        0x8 Lib/System_LibcStubs.o
 .group         0x00000000        0x8 Lib/System_LibcStubs.o
 .group         0x00000000        0x8 Lib/System_LibcStubs.o
 .group         0x00000000        0x8 Lib/System_LibcStubs.o
 .group         0x00000000        0x8 Lib/System_LibcStubs.o
 .debug_macro   0x00000000      0x7f0 Lib/System_LibcStubs.o
 .debug_macro   0x00000000       0x3a Lib/System_LibcStubs.o
 .debug_macro   0x00000000       0x10 Lib/System_LibcStubs.o
 .debug_macro   0x00000000       0x2e Lib/System_LibcStubs.o
 .debug_macro   0x00000000       0xa3 Lib/System_LibcStubs.o
 .comment       0x00000000       0x71 Lib/System_LibcStubs.o
 .group         0x00000000        0x8 Dave/Generated/src/PWMSP001/PWMSP001.o
 .group         0x00000000        0x8 Dave/Generated/src/PWMSP001/PWMSP001.o
 .group         0x00000000        0x8 Dave/Generated/src/PWMSP001/PWMSP001.o
 .group         0x00000000        0x8 Dave/Generated/src/PWMSP001/PWMSP001.o
 .group         0x00000000        0x8 Dave/Generated/src/PWMSP001/PWMSP001.o
 .group         0x00000000        0x8 Dave/Generated/src/PWMSP001/PWMSP001.o
 .group         0x00000000        0x8 Dave/Generated/src/PWMSP001/PWMSP001.o
 .group         0x00000000        0x8 Dave/Generated/src/PWMSP001/PWMSP001.o
 .group         0x00000000        0x8 Dave/Generated/src/PWMSP001/PWMSP001.o
 .group         0x00000000        0x8 Dave/Generated/src/PWMSP001/PWMSP001.o
 .group         0x00000000        0x8 Dave/Generated/src/PWMSP001/PWMSP001.o
 .group         0x00000000        0x8 Dave/Generated/src/PWMSP001/PWMSP001.o
 .group         0x00000000        0x8 Dave/Generated/src/PWMSP001/PWMSP001.o
 .group         0x00000000        0x8 Dave/Generated/src/PWMSP001/PWMSP001.o
 .group         0x00000000        0x8 Dave/Generated/src/PWMSP001/PWMSP001.o
 .group         0x00000000        0x8 Dave/Generated/src/PWMSP001/PWMSP001.o
 .group         0x00000000        0x8 Dave/Generated/src/PWMSP001/PWMSP001.o
 .group         0x00000000        0x8 Dave/Generated/src/PWMSP001/PWMSP001.o
 .group         0x00000000        0x8 Dave/Generated/src/PWMSP001/PWMSP001.o
 .debug_macro   0x00000000      0x7f0 Dave/Generated/src/PWMSP001/PWMSP001.o
 .debug_macro   0x00000000       0x22 Dave/Generated/src/PWMSP001/PWMSP001.o
 .debug_macro   0x00000000       0x3a Dave/Generated/src/PWMSP001/PWMSP001.o
 .debug_macro   0x00000000       0x3a Dave/Generated/src/PWMSP001/PWMSP001.o
 .debug_macro   0x00000000       0x10 Dave/Generated/src/PWMSP001/PWMSP001.o
 .debug_macro   0x00000000       0x2e Dave/Generated/src/PWMSP001/PWMSP001.o
 .debug_macro   0x00000000       0xa3 Dave/Generated/src/PWMSP001/PWMSP001.o
 .debug_macro   0x00000000      0x20e Dave/Generated/src/PWMSP001/PWMSP001.o
 .debug_macro   0x00000000       0x1f Dave/Generated/src/PWMSP001/PWMSP001.o
 .debug_macro   0x00000000      0x242 Dave/Generated/src/PWMSP001/PWMSP001.o
 .debug_macro   0x00000000       0x36 Dave/Generated/src/PWMSP001/PWMSP001.o
 .debug_macro   0x00000000     0x4d2c Dave/Generated/src/PWMSP001/PWMSP001.o
 .debug_macro   0x00000000      0x16c Dave/Generated/src/PWMSP001/PWMSP001.o
 .debug_macro   0x00000000       0x22 Dave/Generated/src/PWMSP001/PWMSP001.o
 .debug_macro   0x00000000      0x311 Dave/Generated/src/PWMSP001/PWMSP001.o
 .debug_macro   0x00000000      0x130 Dave/Generated/src/PWMSP001/PWMSP001.o
 .debug_macro   0x00000000       0x10 Dave/Generated/src/PWMSP001/PWMSP001.o
 .debug_macro   0x00000000       0x6d Dave/Generated/src/PWMSP001/PWMSP001.o
 .debug_macro   0x00000000       0x1c Dave/Generated/src/PWMSP001/PWMSP001.o
 .comment       0x00000000       0x71 Dave/Generated/src/PWMSP001/PWMSP001.o
 .group         0x00000000        0x8 Dave/Generated/src/PWMSP001/PWMSP001_Conf.o
 .group         0x00000000        0x8 Dave/Generated/src/PWMSP001/PWMSP001_Conf.o
 .group         0x00000000        0x8 Dave/Generated/src/PWMSP001/PWMSP001_Conf.o
 .group         0x00000000        0x8 Dave/Generated/src/PWMSP001/PWMSP001_Conf.o
 .group         0x00000000        0x8 Dave/Generated/src/PWMSP001/PWMSP001_Conf.o
 .group         0x00000000        0x8 Dave/Generated/src/PWMSP001/PWMSP001_Conf.o
 .group         0x00000000        0x8 Dave/Generated/src/PWMSP001/PWMSP001_Conf.o
 .group         0x00000000        0x8 Dave/Generated/src/PWMSP001/PWMSP001_Conf.o
 .group         0x00000000        0x8 Dave/Generated/src/PWMSP001/PWMSP001_Conf.o
 .group         0x00000000        0x8 Dave/Generated/src/PWMSP001/PWMSP001_Conf.o
 .group         0x00000000        0x8 Dave/Generated/src/PWMSP001/PWMSP001_Conf.o
 .group         0x00000000        0x8 Dave/Generated/src/PWMSP001/PWMSP001_Conf.o
 .group         0x00000000        0x8 Dave/Generated/src/PWMSP001/PWMSP001_Conf.o
 .group         0x00000000        0x8 Dave/Generated/src/PWMSP001/PWMSP001_Conf.o
 .group         0x00000000        0x8 Dave/Generated/src/PWMSP001/PWMSP001_Conf.o
 .group         0x00000000        0x8 Dave/Generated/src/PWMSP001/PWMSP001_Conf.o
 .group         0x00000000        0x8 Dave/Generated/src/PWMSP001/PWMSP001_Conf.o
 .group         0x00000000        0x8 Dave/Generated/src/PWMSP001/PWMSP001_Conf.o
 .group         0x00000000        0x8 Dave/Generated/src/PWMSP001/PWMSP001_Conf.o
 .debug_macro   0x00000000      0x7f0 Dave/Generated/src/PWMSP001/PWMSP001_Conf.o
 .debug_macro   0x00000000       0x22 Dave/Generated/src/PWMSP001/PWMSP001_Conf.o
 .debug_macro   0x00000000       0x3a Dave/Generated/src/PWMSP001/PWMSP001_Conf.o
 .debug_macro   0x00000000       0x3a Dave/Generated/src/PWMSP001/PWMSP001_Conf.o
 .debug_macro   0x00000000       0x10 Dave/Generated/src/PWMSP001/PWMSP001_Conf.o
 .debug_macro   0x00000000       0x2e Dave/Generated/src/PWMSP001/PWMSP001_Conf.o
 .debug_macro   0x00000000       0xa3 Dave/Generated/src/PWMSP001/PWMSP001_Conf.o
 .debug_macro   0x00000000      0x20e Dave/Generated/src/PWMSP001/PWMSP001_Conf.o
 .debug_macro   0x00000000       0x1f Dave/Generated/src/PWMSP001/PWMSP001_Conf.o
 .debug_macro   0x00000000      0x242 Dave/Generated/src/PWMSP001/PWMSP001_Conf.o
 .debug_macro   0x00000000       0x36 Dave/Generated/src/PWMSP001/PWMSP001_Conf.o
 .debug_macro   0x00000000     0x4d2c Dave/Generated/src/PWMSP001/PWMSP001_Conf.o
 .debug_macro   0x00000000      0x16c Dave/Generated/src/PWMSP001/PWMSP001_Conf.o
 .debug_macro   0x00000000       0x22 Dave/Generated/src/PWMSP001/PWMSP001_Conf.o
 .debug_macro   0x00000000      0x311 Dave/Generated/src/PWMSP001/PWMSP001_Conf.o
 .debug_macro   0x00000000      0x130 Dave/Generated/src/PWMSP001/PWMSP001_Conf.o
 .debug_macro   0x00000000       0x10 Dave/Generated/src/PWMSP001/PWMSP001_Conf.o
 .debug_macro   0x00000000       0x6d Dave/Generated/src/PWMSP001/PWMSP001_Conf.o
 .debug_macro   0x00000000       0x1c Dave/Generated/src/PWMSP001/PWMSP001_Conf.o
 .comment       0x00000000       0x71 Dave/Generated/src/PWMSP001/PWMSP001_Conf.o
 .group         0x00000000        0x8 Dave/Generated/src/NVIC002/NVIC002.o
 .group         0x00000000        0x8 Dave/Generated/src/NVIC002/NVIC002.o
 .group         0x00000000        0x8 Dave/Generated/src/NVIC002/NVIC002.o
 .group         0x00000000        0x8 Dave/Generated/src/NVIC002/NVIC002.o
 .group         0x00000000        0x8 Dave/Generated/src/NVIC002/NVIC002.o
 .group         0x00000000        0x8 Dave/Generated/src/NVIC002/NVIC002.o
 .group         0x00000000        0x8 Dave/Generated/src/NVIC002/NVIC002.o
 .group         0x00000000        0x8 Dave/Generated/src/NVIC002/NVIC002.o
 .group         0x00000000        0x8 Dave/Generated/src/NVIC002/NVIC002.o
 .group         0x00000000        0x8 Dave/Generated/src/NVIC002/NVIC002.o
 .group         0x00000000        0x8 Dave/Generated/src/NVIC002/NVIC002.o
 .group         0x00000000        0x8 Dave/Generated/src/NVIC002/NVIC002.o
 .group         0x00000000        0x8 Dave/Generated/src/NVIC002/NVIC002.o
 .group         0x00000000        0x8 Dave/Generated/src/NVIC002/NVIC002.o
 .debug_macro   0x00000000      0x7f0 Dave/Generated/src/NVIC002/NVIC002.o
 .debug_macro   0x00000000      0x130 Dave/Generated/src/NVIC002/NVIC002.o
 .debug_macro   0x00000000       0x22 Dave/Generated/src/NVIC002/NVIC002.o
 .debug_macro   0x00000000       0x3a Dave/Generated/src/NVIC002/NVIC002.o
 .debug_macro   0x00000000       0x3a Dave/Generated/src/NVIC002/NVIC002.o
 .debug_macro   0x00000000       0x10 Dave/Generated/src/NVIC002/NVIC002.o
 .debug_macro   0x00000000       0x2e Dave/Generated/src/NVIC002/NVIC002.o
 .debug_macro   0x00000000       0xa3 Dave/Generated/src/NVIC002/NVIC002.o
 .debug_macro   0x00000000      0x20e Dave/Generated/src/NVIC002/NVIC002.o
 .debug_macro   0x00000000       0x1f Dave/Generated/src/NVIC002/NVIC002.o
 .debug_macro   0x00000000      0x242 Dave/Generated/src/NVIC002/NVIC002.o
 .debug_macro   0x00000000       0x36 Dave/Generated/src/NVIC002/NVIC002.o
 .debug_macro   0x00000000     0x4d2c Dave/Generated/src/NVIC002/NVIC002.o
 .debug_macro   0x00000000       0x1c Dave/Generated/src/NVIC002/NVIC002.o
 .comment       0x00000000       0x71 Dave/Generated/src/NVIC002/NVIC002.o
 .group         0x00000000        0x8 Dave/Generated/src/NVIC002/NVIC002_Conf.o
 .group         0x00000000        0x8 Dave/Generated/src/NVIC002/NVIC002_Conf.o
 .group         0x00000000        0x8 Dave/Generated/src/NVIC002/NVIC002_Conf.o
 .group         0x00000000        0x8 Dave/Generated/src/NVIC002/NVIC002_Conf.o
 .group         0x00000000        0x8 Dave/Generated/src/NVIC002/NVIC002_Conf.o
 .group         0x00000000        0x8 Dave/Generated/src/NVIC002/NVIC002_Conf.o
 .group         0x00000000        0x8 Dave/Generated/src/NVIC002/NVIC002_Conf.o
 .group         0x00000000        0x8 Dave/Generated/src/NVIC002/NVIC002_Conf.o
 .group         0x00000000        0x8 Dave/Generated/src/NVIC002/NVIC002_Conf.o
 .group         0x00000000        0x8 Dave/Generated/src/NVIC002/NVIC002_Conf.o
 .group         0x00000000        0x8 Dave/Generated/src/NVIC002/NVIC002_Conf.o
 .group         0x00000000        0x8 Dave/Generated/src/NVIC002/NVIC002_Conf.o
 .group         0x00000000        0x8 Dave/Generated/src/NVIC002/NVIC002_Conf.o
 .group         0x00000000        0x8 Dave/Generated/src/NVIC002/NVIC002_Conf.o
 .debug_macro   0x00000000      0x7f0 Dave/Generated/src/NVIC002/NVIC002_Conf.o
 .debug_macro   0x00000000      0x130 Dave/Generated/src/NVIC002/NVIC002_Conf.o
 .debug_macro   0x00000000       0x22 Dave/Generated/src/NVIC002/NVIC002_Conf.o
 .debug_macro   0x00000000       0x3a Dave/Generated/src/NVIC002/NVIC002_Conf.o
 .debug_macro   0x00000000       0x3a Dave/Generated/src/NVIC002/NVIC002_Conf.o
 .debug_macro   0x00000000       0x10 Dave/Generated/src/NVIC002/NVIC002_Conf.o
 .debug_macro   0x00000000       0x2e Dave/Generated/src/NVIC002/NVIC002_Conf.o
 .debug_macro   0x00000000       0xa3 Dave/Generated/src/NVIC002/NVIC002_Conf.o
 .debug_macro   0x00000000      0x20e Dave/Generated/src/NVIC002/NVIC002_Conf.o
 .debug_macro   0x00000000       0x1f Dave/Generated/src/NVIC002/NVIC002_Conf.o
 .debug_macro   0x00000000      0x242 Dave/Generated/src/NVIC002/NVIC002_Conf.o
 .debug_macro   0x00000000       0x36 Dave/Generated/src/NVIC002/NVIC002_Conf.o
 .debug_macro   0x00000000     0x4d2c Dave/Generated/src/NVIC002/NVIC002_Conf.o
 .debug_macro   0x00000000       0x1c Dave/Generated/src/NVIC002/NVIC002_Conf.o
 .comment       0x00000000       0x71 Dave/Generated/src/NVIC002/NVIC002_Conf.o
 .group         0x00000000        0x8 Dave/Generated/src/DAVESupport/DAVE3.o
 .group         0x00000000        0x8 Dave/Generated/src/DAVESupport/DAVE3.o
 .group         0x00000000        0x8 Dave/Generated/src/DAVESupport/DAVE3.o
 .group         0x00000000        0x8 Dave/Generated/src/DAVESupport/DAVE3.o
 .group         0x00000000        0x8 Dave/Generated/src/DAVESupport/DAVE3.o
 .group         0x00000000        0x8 Dave/Generated/src/DAVESupport/DAVE3.o
 .group         0x00000000        0x8 Dave/Generated/src/DAVESupport/DAVE3.o
 .group         0x00000000        0x8 Dave/Generated/src/DAVESupport/DAVE3.o
 .group         0x00000000        0x8 Dave/Generated/src/DAVESupport/DAVE3.o
 .group         0x00000000        0x8 Dave/Generated/src/DAVESupport/DAVE3.o
 .group         0x00000000        0x8 Dave/Generated/src/DAVESupport/DAVE3.o
 .group         0x00000000        0x8 Dave/Generated/src/DAVESupport/DAVE3.o
 .group         0x00000000        0x8 Dave/Generated/src/DAVESupport/DAVE3.o
 .group         0x00000000        0x8 Dave/Generated/src/DAVESupport/DAVE3.o
 .group         0x00000000        0x8 Dave/Generated/src/DAVESupport/DAVE3.o
 .group         0x00000000        0x8 Dave/Generated/src/DAVESupport/DAVE3.o
 .group         0x00000000        0x8 Dave/Generated/src/DAVESupport/DAVE3.o
 .group         0x00000000        0x8 Dave/Generated/src/DAVESupport/DAVE3.o
 .group         0x00000000        0x8 Dave/Generated/src/DAVESupport/DAVE3.o
 .debug_macro   0x00000000      0x7f0 Dave/Generated/src/DAVESupport/DAVE3.o
 .debug_macro   0x00000000       0x22 Dave/Generated/src/DAVESupport/DAVE3.o
 .debug_macro   0x00000000       0x3a Dave/Generated/src/DAVESupport/DAVE3.o
 .debug_macro   0x00000000       0x3a Dave/Generated/src/DAVESupport/DAVE3.o
 .debug_macro   0x00000000       0x10 Dave/Generated/src/DAVESupport/DAVE3.o
 .debug_macro   0x00000000       0x2e Dave/Generated/src/DAVESupport/DAVE3.o
 .debug_macro   0x00000000       0xa3 Dave/Generated/src/DAVESupport/DAVE3.o
 .debug_macro   0x00000000      0x20e Dave/Generated/src/DAVESupport/DAVE3.o
 .debug_macro   0x00000000       0x1f Dave/Generated/src/DAVESupport/DAVE3.o
 .debug_macro   0x00000000      0x242 Dave/Generated/src/DAVESupport/DAVE3.o
 .debug_macro   0x00000000       0x36 Dave/Generated/src/DAVESupport/DAVE3.o
 .debug_macro   0x00000000     0x4d2c Dave/Generated/src/DAVESupport/DAVE3.o
 .debug_macro   0x00000000      0x16c Dave/Generated/src/DAVESupport/DAVE3.o
 .debug_macro   0x00000000       0x22 Dave/Generated/src/DAVESupport/DAVE3.o
 .debug_macro   0x00000000      0x311 Dave/Generated/src/DAVESupport/DAVE3.o
 .debug_macro   0x00000000      0x130 Dave/Generated/src/DAVESupport/DAVE3.o
 .debug_macro   0x00000000       0x10 Dave/Generated/src/DAVESupport/DAVE3.o
 .debug_macro   0x00000000       0x6d Dave/Generated/src/DAVESupport/DAVE3.o
 .debug_macro   0x00000000       0x1c Dave/Generated/src/DAVESupport/DAVE3.o
 .comment       0x00000000       0x71 Dave/Generated/src/DAVESupport/DAVE3.o
 .group         0x00000000        0x8 Dave/Generated/src/DAVESupport/MULTIPLEXER.o
 .group         0x00000000        0x8 Dave/Generated/src/DAVESupport/MULTIPLEXER.o
 .group         0x00000000        0x8 Dave/Generated/src/DAVESupport/MULTIPLEXER.o
 .group         0x00000000        0x8 Dave/Generated/src/DAVESupport/MULTIPLEXER.o
 .group         0x00000000        0x8 Dave/Generated/src/DAVESupport/MULTIPLEXER.o
 .group         0x00000000        0x8 Dave/Generated/src/DAVESupport/MULTIPLEXER.o
 .group         0x00000000        0x8 Dave/Generated/src/DAVESupport/MULTIPLEXER.o
 .group         0x00000000        0x8 Dave/Generated/src/DAVESupport/MULTIPLEXER.o
 .group         0x00000000        0x8 Dave/Generated/src/DAVESupport/MULTIPLEXER.o
 .group         0x00000000        0x8 Dave/Generated/src/DAVESupport/MULTIPLEXER.o
 .group         0x00000000        0x8 Dave/Generated/src/DAVESupport/MULTIPLEXER.o
 .group         0x00000000        0x8 Dave/Generated/src/DAVESupport/MULTIPLEXER.o
 .group         0x00000000        0x8 Dave/Generated/src/DAVESupport/MULTIPLEXER.o
 .group         0x00000000        0x8 Dave/Generated/src/DAVESupport/MULTIPLEXER.o
 .group         0x00000000        0x8 Dave/Generated/src/DAVESupport/MULTIPLEXER.o
 .group         0x00000000        0x8 Dave/Generated/src/DAVESupport/MULTIPLEXER.o
 .group         0x00000000        0x8 Dave/Generated/src/DAVESupport/MULTIPLEXER.o
 .group         0x00000000        0x8 Dave/Generated/src/DAVESupport/MULTIPLEXER.o
 .group         0x00000000        0x8 Dave/Generated/src/DAVESupport/MULTIPLEXER.o
 .debug_macro   0x00000000      0x7f0 Dave/Generated/src/DAVESupport/MULTIPLEXER.o
 .debug_macro   0x00000000       0x22 Dave/Generated/src/DAVESupport/MULTIPLEXER.o
 .debug_macro   0x00000000       0x3a Dave/Generated/src/DAVESupport/MULTIPLEXER.o
 .debug_macro   0x00000000       0x3a Dave/Generated/src/DAVESupport/MULTIPLEXER.o
 .debug_macro   0x00000000       0x10 Dave/Generated/src/DAVESupport/MULTIPLEXER.o
 .debug_macro   0x00000000       0x2e Dave/Generated/src/DAVESupport/MULTIPLEXER.o
 .debug_macro   0x00000000       0xa3 Dave/Generated/src/DAVESupport/MULTIPLEXER.o
 .debug_macro   0x00000000      0x20e Dave/Generated/src/DAVESupport/MULTIPLEXER.o
 .debug_macro   0x00000000       0x1f Dave/Generated/src/DAVESupport/MULTIPLEXER.o
 .debug_macro   0x00000000      0x242 Dave/Generated/src/DAVESupport/MULTIPLEXER.o
 .debug_macro   0x00000000       0x36 Dave/Generated/src/DAVESupport/MULTIPLEXER.o
 .debug_macro   0x00000000     0x4d2c Dave/Generated/src/DAVESupport/MULTIPLEXER.o
 .debug_macro   0x00000000      0x16c Dave/Generated/src/DAVESupport/MULTIPLEXER.o
 .debug_macro   0x00000000       0x22 Dave/Generated/src/DAVESupport/MULTIPLEXER.o
 .debug_macro   0x00000000      0x311 Dave/Generated/src/DAVESupport/MULTIPLEXER.o
 .debug_macro   0x00000000      0x130 Dave/Generated/src/DAVESupport/MULTIPLEXER.o
 .debug_macro   0x00000000       0x10 Dave/Generated/src/DAVESupport/MULTIPLEXER.o
 .debug_macro   0x00000000       0x6d Dave/Generated/src/DAVESupport/MULTIPLEXER.o
 .debug_macro   0x00000000       0x1c Dave/Generated/src/DAVESupport/MULTIPLEXER.o
 .comment       0x00000000       0x71 Dave/Generated/src/DAVESupport/MULTIPLEXER.o
 .group         0x00000000        0x8 Dave/Generated/src/CLK002/CLK002.o
 .group         0x00000000        0x8 Dave/Generated/src/CLK002/CLK002.o
 .group         0x00000000        0x8 Dave/Generated/src/CLK002/CLK002.o
 .group         0x00000000        0x8 Dave/Generated/src/CLK002/CLK002.o
 .group         0x00000000        0x8 Dave/Generated/src/CLK002/CLK002.o
 .group         0x00000000        0x8 Dave/Generated/src/CLK002/CLK002.o
 .group         0x00000000        0x8 Dave/Generated/src/CLK002/CLK002.o
 .group         0x00000000        0x8 Dave/Generated/src/CLK002/CLK002.o
 .group         0x00000000        0x8 Dave/Generated/src/CLK002/CLK002.o
 .group         0x00000000        0x8 Dave/Generated/src/CLK002/CLK002.o
 .group         0x00000000        0x8 Dave/Generated/src/CLK002/CLK002.o
 .group         0x00000000        0x8 Dave/Generated/src/CLK002/CLK002.o
 .group         0x00000000        0x8 Dave/Generated/src/CLK002/CLK002.o
 .group         0x00000000        0x8 Dave/Generated/src/CLK002/CLK002.o
 .group         0x00000000        0x8 Dave/Generated/src/CLK002/CLK002.o
 .group         0x00000000        0x8 Dave/Generated/src/CLK002/CLK002.o
 .group         0x00000000        0x8 Dave/Generated/src/CLK002/CLK002.o
 .group         0x00000000        0x8 Dave/Generated/src/CLK002/CLK002.o
 .group         0x00000000        0x8 Dave/Generated/src/CLK002/CLK002.o
 .debug_macro   0x00000000      0x7f0 Dave/Generated/src/CLK002/CLK002.o
 .debug_macro   0x00000000       0x22 Dave/Generated/src/CLK002/CLK002.o
 .debug_macro   0x00000000       0x3a Dave/Generated/src/CLK002/CLK002.o
 .debug_macro   0x00000000       0x3a Dave/Generated/src/CLK002/CLK002.o
 .debug_macro   0x00000000       0x10 Dave/Generated/src/CLK002/CLK002.o
 .debug_macro   0x00000000       0x2e Dave/Generated/src/CLK002/CLK002.o
 .debug_macro   0x00000000       0xa3 Dave/Generated/src/CLK002/CLK002.o
 .debug_macro   0x00000000      0x20e Dave/Generated/src/CLK002/CLK002.o
 .debug_macro   0x00000000       0x1f Dave/Generated/src/CLK002/CLK002.o
 .debug_macro   0x00000000      0x242 Dave/Generated/src/CLK002/CLK002.o
 .debug_macro   0x00000000       0x36 Dave/Generated/src/CLK002/CLK002.o
 .debug_macro   0x00000000     0x4d2c Dave/Generated/src/CLK002/CLK002.o
 .debug_macro   0x00000000      0x16c Dave/Generated/src/CLK002/CLK002.o
 .debug_macro   0x00000000       0x22 Dave/Generated/src/CLK002/CLK002.o
 .debug_macro   0x00000000      0x311 Dave/Generated/src/CLK002/CLK002.o
 .debug_macro   0x00000000      0x130 Dave/Generated/src/CLK002/CLK002.o
 .debug_macro   0x00000000       0x10 Dave/Generated/src/CLK002/CLK002.o
 .debug_macro   0x00000000       0x6d Dave/Generated/src/CLK002/CLK002.o
 .debug_macro   0x00000000       0x1c Dave/Generated/src/CLK002/CLK002.o
 .comment       0x00000000       0x71 Dave/Generated/src/CLK002/CLK002.o
 .group         0x00000000        0x8 Dave/Generated/src/CCU4GLOBAL/CCU4GLOBAL.o
 .group         0x00000000        0x8 Dave/Generated/src/CCU4GLOBAL/CCU4GLOBAL.o
 .group         0x00000000        0x8 Dave/Generated/src/CCU4GLOBAL/CCU4GLOBAL.o
 .group         0x00000000        0x8 Dave/Generated/src/CCU4GLOBAL/CCU4GLOBAL.o
 .group         0x00000000        0x8 Dave/Generated/src/CCU4GLOBAL/CCU4GLOBAL.o
 .group         0x00000000        0x8 Dave/Generated/src/CCU4GLOBAL/CCU4GLOBAL.o
 .group         0x00000000        0x8 Dave/Generated/src/CCU4GLOBAL/CCU4GLOBAL.o
 .group         0x00000000        0x8 Dave/Generated/src/CCU4GLOBAL/CCU4GLOBAL.o
 .group         0x00000000        0x8 Dave/Generated/src/CCU4GLOBAL/CCU4GLOBAL.o
 .group         0x00000000        0x8 Dave/Generated/src/CCU4GLOBAL/CCU4GLOBAL.o
 .group         0x00000000        0x8 Dave/Generated/src/CCU4GLOBAL/CCU4GLOBAL.o
 .group         0x00000000        0x8 Dave/Generated/src/CCU4GLOBAL/CCU4GLOBAL.o
 .group         0x00000000        0x8 Dave/Generated/src/CCU4GLOBAL/CCU4GLOBAL.o
 .group         0x00000000        0x8 Dave/Generated/src/CCU4GLOBAL/CCU4GLOBAL.o
 .group         0x00000000        0x8 Dave/Generated/src/CCU4GLOBAL/CCU4GLOBAL.o
 .group         0x00000000        0x8 Dave/Generated/src/CCU4GLOBAL/CCU4GLOBAL.o
 .group         0x00000000        0x8 Dave/Generated/src/CCU4GLOBAL/CCU4GLOBAL.o
 .group         0x00000000        0x8 Dave/Generated/src/CCU4GLOBAL/CCU4GLOBAL.o
 .group         0x00000000        0x8 Dave/Generated/src/CCU4GLOBAL/CCU4GLOBAL.o
 .debug_macro   0x00000000      0x7f0 Dave/Generated/src/CCU4GLOBAL/CCU4GLOBAL.o
 .debug_macro   0x00000000      0x130 Dave/Generated/src/CCU4GLOBAL/CCU4GLOBAL.o
 .debug_macro   0x00000000       0x22 Dave/Generated/src/CCU4GLOBAL/CCU4GLOBAL.o
 .debug_macro   0x00000000       0x3a Dave/Generated/src/CCU4GLOBAL/CCU4GLOBAL.o
 .debug_macro   0x00000000       0x3a Dave/Generated/src/CCU4GLOBAL/CCU4GLOBAL.o
 .debug_macro   0x00000000       0x10 Dave/Generated/src/CCU4GLOBAL/CCU4GLOBAL.o
 .debug_macro   0x00000000       0x2e Dave/Generated/src/CCU4GLOBAL/CCU4GLOBAL.o
 .debug_macro   0x00000000       0xa3 Dave/Generated/src/CCU4GLOBAL/CCU4GLOBAL.o
 .debug_macro   0x00000000      0x20e Dave/Generated/src/CCU4GLOBAL/CCU4GLOBAL.o
 .debug_macro   0x00000000       0x1f Dave/Generated/src/CCU4GLOBAL/CCU4GLOBAL.o
 .debug_macro   0x00000000      0x242 Dave/Generated/src/CCU4GLOBAL/CCU4GLOBAL.o
 .debug_macro   0x00000000       0x36 Dave/Generated/src/CCU4GLOBAL/CCU4GLOBAL.o
 .debug_macro   0x00000000     0x4d2c Dave/Generated/src/CCU4GLOBAL/CCU4GLOBAL.o
 .debug_macro   0x00000000      0x16c Dave/Generated/src/CCU4GLOBAL/CCU4GLOBAL.o
 .debug_macro   0x00000000       0x22 Dave/Generated/src/CCU4GLOBAL/CCU4GLOBAL.o
 .debug_macro   0x00000000      0x311 Dave/Generated/src/CCU4GLOBAL/CCU4GLOBAL.o
 .debug_macro   0x00000000       0x1c Dave/Generated/src/CCU4GLOBAL/CCU4GLOBAL.o
 .debug_macro   0x00000000       0x10 Dave/Generated/src/CCU4GLOBAL/CCU4GLOBAL.o
 .comment       0x00000000       0x71 Dave/Generated/src/CCU4GLOBAL/CCU4GLOBAL.o
 .group         0x00000000        0x8 Dave/Generated/src/CCU4GLOBAL/CCU4GLOBAL_Conf.o
 .group         0x00000000        0x8 Dave/Generated/src/CCU4GLOBAL/CCU4GLOBAL_Conf.o
 .group         0x00000000        0x8 Dave/Generated/src/CCU4GLOBAL/CCU4GLOBAL_Conf.o
 .group         0x00000000        0x8 Dave/Generated/src/CCU4GLOBAL/CCU4GLOBAL_Conf.o
 .group         0x00000000        0x8 Dave/Generated/src/CCU4GLOBAL/CCU4GLOBAL_Conf.o
 .group         0x00000000        0x8 Dave/Generated/src/CCU4GLOBAL/CCU4GLOBAL_Conf.o
 .group         0x00000000        0x8 Dave/Generated/src/CCU4GLOBAL/CCU4GLOBAL_Conf.o
 .group         0x00000000        0x8 Dave/Generated/src/CCU4GLOBAL/CCU4GLOBAL_Conf.o
 .group         0x00000000        0x8 Dave/Generated/src/CCU4GLOBAL/CCU4GLOBAL_Conf.o
 .group         0x00000000        0x8 Dave/Generated/src/CCU4GLOBAL/CCU4GLOBAL_Conf.o
 .group         0x00000000        0x8 Dave/Generated/src/CCU4GLOBAL/CCU4GLOBAL_Conf.o
 .group         0x00000000        0x8 Dave/Generated/src/CCU4GLOBAL/CCU4GLOBAL_Conf.o
 .group         0x00000000        0x8 Dave/Generated/src/CCU4GLOBAL/CCU4GLOBAL_Conf.o
 .group         0x00000000        0x8 Dave/Generated/src/CCU4GLOBAL/CCU4GLOBAL_Conf.o
 .group         0x00000000        0x8 Dave/Generated/src/CCU4GLOBAL/CCU4GLOBAL_Conf.o
 .group         0x00000000        0x8 Dave/Generated/src/CCU4GLOBAL/CCU4GLOBAL_Conf.o
 .group         0x00000000        0x8 Dave/Generated/src/CCU4GLOBAL/CCU4GLOBAL_Conf.o
 .group         0x00000000        0x8 Dave/Generated/src/CCU4GLOBAL/CCU4GLOBAL_Conf.o
 .group         0x00000000        0x8 Dave/Generated/src/CCU4GLOBAL/CCU4GLOBAL_Conf.o
 .debug_macro   0x00000000      0x7f0 Dave/Generated/src/CCU4GLOBAL/CCU4GLOBAL_Conf.o
 .debug_macro   0x00000000      0x130 Dave/Generated/src/CCU4GLOBAL/CCU4GLOBAL_Conf.o
 .debug_macro   0x00000000       0x22 Dave/Generated/src/CCU4GLOBAL/CCU4GLOBAL_Conf.o
 .debug_macro   0x00000000       0x3a Dave/Generated/src/CCU4GLOBAL/CCU4GLOBAL_Conf.o
 .debug_macro   0x00000000       0x3a Dave/Generated/src/CCU4GLOBAL/CCU4GLOBAL_Conf.o
 .debug_macro   0x00000000       0x10 Dave/Generated/src/CCU4GLOBAL/CCU4GLOBAL_Conf.o
 .debug_macro   0x00000000       0x2e Dave/Generated/src/CCU4GLOBAL/CCU4GLOBAL_Conf.o
 .debug_macro   0x00000000       0xa3 Dave/Generated/src/CCU4GLOBAL/CCU4GLOBAL_Conf.o
 .debug_macro   0x00000000      0x20e Dave/Generated/src/CCU4GLOBAL/CCU4GLOBAL_Conf.o
 .debug_macro   0x00000000       0x1f Dave/Generated/src/CCU4GLOBAL/CCU4GLOBAL_Conf.o
 .debug_macro   0x00000000      0x242 Dave/Generated/src/CCU4GLOBAL/CCU4GLOBAL_Conf.o
 .debug_macro   0x00000000       0x36 Dave/Generated/src/CCU4GLOBAL/CCU4GLOBAL_Conf.o
 .debug_macro   0x00000000     0x4d2c Dave/Generated/src/CCU4GLOBAL/CCU4GLOBAL_Conf.o
 .debug_macro   0x00000000      0x16c Dave/Generated/src/CCU4GLOBAL/CCU4GLOBAL_Conf.o
 .debug_macro   0x00000000       0x22 Dave/Generated/src/CCU4GLOBAL/CCU4GLOBAL_Conf.o
 .debug_macro   0x00000000      0x311 Dave/Generated/src/CCU4GLOBAL/CCU4GLOBAL_Conf.o
 .debug_macro   0x00000000       0x67 Dave/Generated/src/CCU4GLOBAL/CCU4GLOBAL_Conf.o
 .debug_macro   0x00000000       0x1c Dave/Generated/src/CCU4GLOBAL/CCU4GLOBAL_Conf.o
 .debug_macro   0x00000000       0x10 Dave/Generated/src/CCU4GLOBAL/CCU4GLOBAL_Conf.o
 .comment       0x00000000       0x71 Dave/Generated/src/CCU4GLOBAL/CCU4GLOBAL_Conf.o

Memory Configuration

Name             Origin             Length             Attributes
FLASH            0x10001000         0x00010000         xr
SRAM             0x20000000         0x00004000         !xr
*default*        0x00000000         0xffffffff

Linker script and memory map

LOAD Startup/startup_XMC1100.o
LOAD Startup/system_XMC1100.o
LOAD Main.o
LOAD Lib/System_LibcStubs.o
LOAD Dave/Generated/src/PWMSP001/PWMSP001.o
LOAD Dave/Generated/src/PWMSP001/PWMSP001_Conf.o
LOAD Dave/Generated/src/NVIC002/NVIC002.o
LOAD Dave/Generated/src/NVIC002/NVIC002_Conf.o
LOAD Dave/Generated/src/DAVESupport/DAVE3.o
LOAD Dave/Generated/src/DAVESupport/MULTIPLEXER.o
LOAD Dave/Generated/src/CLK002/CLK002.o
LOAD Dave/Generated/src/CCU4GLOBAL/CCU4GLOBAL.o
LOAD Dave/Generated/src/CCU4GLOBAL/CCU4GLOBAL_Conf.o
START GROUP
LOAD c:/dave-3.1.10/arm-gcc/bin/../lib/gcc/arm-none-eabi/4.7.4/armv6-m\libgcc.a
LOAD c:/dave-3.1.10/arm-gcc/bin/../lib/gcc/arm-none-eabi/4.7.4/../../../../arm-none-eabi/lib/armv6-m\libg.a
LOAD c:/dave-3.1.10/arm-gcc/bin/../lib/gcc/arm-none-eabi/4.7.4/../../../../arm-none-eabi/lib/armv6-m\libc.a
END GROUP
                0x00000800                stack_size = 0x800

.text           0x10001000     0x2e18
                0x10001000                sText = .
 *(.Xmc1100.reset)
 .Xmc1100.reset
                0x10001000       0x2c Startup/startup_XMC1100.o
                0x10001000                __Xmc1100_interrupt_vector_cortex_m
                0x10001018                __Xmc1100_reset_cortex_m
 *(.Xmc1100.postreset)
 .Xmc1100.postreset
                0x1000102c       0xa0 Startup/startup_XMC1100.o
 *(.XmcStartup)
 .XmcStartup    0x100010cc        0x8 Startup/startup_XMC1100.o
                0x100010cc                software_init_hook
                0x100010d0                hardware_init_hook
 *(.text .text.* .gnu.linkonce.t.*)
 .text          0x100010d4       0x30 Startup/startup_XMC1100.o
                0x100010d4                NMI_Handler
                0x100010d6                HardFault_Handler
                0x100010d8                SVC_Handler
                0x100010da                PendSV_Handler
                0x100010dc                SysTick_Handler
                0x100010de                SCU_0_IRQHandler
                0x100010e0                SCU_1_IRQHandler
                0x100010e2                SCU_2_IRQHandler
                0x100010e4                ERU0_0_IRQHandler
                0x100010e6                ERU0_1_IRQHandler
                0x100010e8                ERU0_2_IRQHandler
                0x100010ea                ERU0_3_IRQHandler
                0x100010ec                VADC0_C0_0_IRQHandler
                0x100010ee                VADC0_C0_1_IRQHandler
                0x100010f0                CCU40_0_IRQHandler
                0x100010f2                CCU40_1_IRQHandler
                0x100010f4                CCU40_2_IRQHandler
                0x100010f8                USIC0_0_IRQHandler
                0x100010fa                USIC0_1_IRQHandler
                0x100010fc                USIC0_2_IRQHandler
                0x100010fe                USIC0_3_IRQHandler
                0x10001100                USIC0_4_IRQHandler
                0x10001102                USIC0_5_IRQHandler
 .text          0x10001104        0x0 Startup/system_XMC1100.o
 .text.SystemInit
                0x10001104        0xc Startup/system_XMC1100.o
                0x10001104                SystemInit
 .text.SystemCoreClockUpdate
                0x10001110       0x5c Startup/system_XMC1100.o
                0x10001110                SystemCoreClockUpdate
 .text          0x1000116c        0x0 Main.o
 .text.P0_5_set_large_hysteresis
                0x1000116c       0x1c Main.o
 .text.P0_5_read
                0x10001188       0x18 Main.o
 .text.P0_6_set_mode
                0x100011a0       0x38 Main.o
 .text.P0_6_set
                0x100011d8       0x14 Main.o
 .text.P0_6_toggle
                0x100011ec       0x18 Main.o
 .text.main     0x10001204      0x128 Main.o
                0x10001204                main
 .text.CCU40_3_IRQHandler
                0x1000132c       0x84 Main.o
                0x1000132c                CCU40_3_IRQHandler
 .text          0x100013b0        0x0 Lib/System_LibcStubs.o
 .text._open    0x100013b0       0x18 Lib/System_LibcStubs.o
                0x100013b0                _open
 .text._lseek   0x100013c8       0x18 Lib/System_LibcStubs.o
                0x100013c8                _lseek
 .text._read    0x100013e0       0x18 Lib/System_LibcStubs.o
                0x100013e0                _read
 .text._write   0x100013f8       0x18 Lib/System_LibcStubs.o
                0x100013f8                _write
 .text._close   0x10001410       0x10 Lib/System_LibcStubs.o
                0x10001410                _close
 .text._fstat   0x10001420       0x24 Lib/System_LibcStubs.o
                0x10001420                _fstat
 .text._link    0x10001444       0x24 Lib/System_LibcStubs.o
                0x10001444                _link
 .text._unlink  0x10001468       0x14 Lib/System_LibcStubs.o
                0x10001468                _unlink
 .text._sbrk    0x1000147c       0x6c Lib/System_LibcStubs.o
                0x1000147c                _sbrk
 .text._times   0x100014e8       0x14 Lib/System_LibcStubs.o
                0x100014e8                _times
 .text._wait    0x100014fc       0x14 Lib/System_LibcStubs.o
                0x100014fc                _wait
 .text._kill    0x10001510       0x18 Lib/System_LibcStubs.o
                0x10001510                _kill
 .text._fork    0x10001528       0x10 Lib/System_LibcStubs.o
                0x10001528                _fork
 .text._getpid  0x10001538       0x10 Lib/System_LibcStubs.o
                0x10001538                _getpid
 .text._exit    0x10001548        0xc Lib/System_LibcStubs.o
                0x10001548                _exit
 .text._init    0x10001554        0x8 Lib/System_LibcStubs.o
                0x10001554                _init
 .text._isatty  0x1000155c       0x14 Lib/System_LibcStubs.o
                0x1000155c                _isatty
 .text          0x10001570        0x0 Dave/Generated/src/PWMSP001/PWMSP001.o
 .text.PWMSP001_Init
                0x10001570       0x5c Dave/Generated/src/PWMSP001/PWMSP001.o
                0x10001570                PWMSP001_Init
 .text.PWMSP001_lInit
                0x100015cc      0x2f0 Dave/Generated/src/PWMSP001/PWMSP001.o
                0x100015cc                PWMSP001_lInit
 .text.PWMSP001_Deinit
                0x100018bc      0x14c Dave/Generated/src/PWMSP001/PWMSP001.o
                0x100018bc                PWMSP001_Deinit
 .text.PWMSP001_Start
                0x10001a08      0x178 Dave/Generated/src/PWMSP001/PWMSP001.o
                0x10001a08                PWMSP001_Start
 .text.PWMSP001_Stop
                0x10001b80       0x98 Dave/Generated/src/PWMSP001/PWMSP001.o
                0x10001b80                PWMSP001_Stop
 .text.PWMSP001_SetCompare
                0x10001c18       0x84 Dave/Generated/src/PWMSP001/PWMSP001.o
                0x10001c18                PWMSP001_SetCompare
 .text.PWMSP001_lSetCompareEdgeAlign
                0x10001c9c       0x48 Dave/Generated/src/PWMSP001/PWMSP001.o
                0x10001c9c                PWMSP001_lSetCompareEdgeAlign
 .text.PWMSP001_lSetCompareEdgeAlignTimerConcat
                0x10001ce4       0x94 Dave/Generated/src/PWMSP001/PWMSP001.o
                0x10001ce4                PWMSP001_lSetCompareEdgeAlignTimerConcat
 .text.PWMSP001_lSetCompareCenterAlign
                0x10001d78       0x44 Dave/Generated/src/PWMSP001/PWMSP001.o
                0x10001d78                PWMSP001_lSetCompareCenterAlign
 .text.PWMSP001_SetDutyCycle
                0x10001dbc       0x5c Dave/Generated/src/PWMSP001/PWMSP001.o
                0x10001dbc                PWMSP001_SetDutyCycle
 .text.PWMSP001_lSetDutyEdgeAlign
                0x10001e18       0x8c Dave/Generated/src/PWMSP001/PWMSP001.o
                0x10001e18                PWMSP001_lSetDutyEdgeAlign
 .text.PWMSP001_lSetDutyEdgeAlignTimerConcat
                0x10001ea4       0xf8 Dave/Generated/src/PWMSP001/PWMSP001.o
                0x10001ea4                PWMSP001_lSetDutyEdgeAlignTimerConcat
 .text.PWMSP001_lSetDutyCenterAlign
                0x10001f9c       0x88 Dave/Generated/src/PWMSP001/PWMSP001.o
                0x10001f9c                PWMSP001_lSetDutyCenterAlign
 .text.PWMSP001_SetPeriodAndCompare
                0x10002024       0x98 Dave/Generated/src/PWMSP001/PWMSP001.o
                0x10002024                PWMSP001_SetPeriodAndCompare
 .text.PWMSP001_SetPeriod
                0x100020bc       0xc4 Dave/Generated/src/PWMSP001/PWMSP001.o
                0x100020bc                PWMSP001_SetPeriod
 .text.PWMSP001_SetPwmFreqAndDutyCycle
                0x10002180      0x108 Dave/Generated/src/PWMSP001/PWMSP001.o
                0x10002180                PWMSP001_SetPwmFreqAndDutyCycle
 .text.PWMSP001_SetPwmFreq
                0x10002288      0x118 Dave/Generated/src/PWMSP001/PWMSP001.o
                0x10002288                PWMSP001_SetPwmFreq
 .text.PWMSP001_lSetPwmFreqTimerConcat
                0x100023a0       0xb0 Dave/Generated/src/PWMSP001/PWMSP001.o
                0x100023a0                PWMSP001_lSetPwmFreqTimerConcat
 .text.PWMSP001_SetTimerVal
                0x10002450       0x50 Dave/Generated/src/PWMSP001/PWMSP001.o
                0x10002450                PWMSP001_SetTimerVal
 .text.PWMSP001_GetTimerStatus
                0x100024a0       0x64 Dave/Generated/src/PWMSP001/PWMSP001.o
                0x100024a0                PWMSP001_GetTimerStatus
 .text.PWMSP001_GetTimerRegsVal
                0x10002504       0xcc Dave/Generated/src/PWMSP001/PWMSP001.o
                0x10002504                PWMSP001_GetTimerRegsVal
 .text.PWMSP001_GetPeriodReg
                0x100025d0       0x68 Dave/Generated/src/PWMSP001/PWMSP001.o
                0x100025d0                PWMSP001_GetPeriodReg
 .text.PWMSP001_SWRequestShadowTransfer
                0x10002638       0x88 Dave/Generated/src/PWMSP001/PWMSP001.o
                0x10002638                PWMSP001_SWRequestShadowTransfer
 .text.PWMSP001_ResetTrapFlag
                0x100026c0       0x84 Dave/Generated/src/PWMSP001/PWMSP001.o
                0x100026c0                PWMSP001_ResetTrapFlag
 .text.PWMSP001_lConfigureSecondSlice
                0x10002744      0x24c Dave/Generated/src/PWMSP001/PWMSP001.o
                0x10002744                PWMSP001_lConfigureSecondSlice
 .text.PWMSP001_EnableEvent
                0x10002990       0x78 Dave/Generated/src/PWMSP001/PWMSP001.o
                0x10002990                PWMSP001_EnableEvent
 .text.PWMSP001_DisableEvent
                0x10002a08       0x7c Dave/Generated/src/PWMSP001/PWMSP001.o
                0x10002a08                PWMSP001_DisableEvent
 .text.PWMSP001_ClearPendingEvent
                0x10002a84       0x78 Dave/Generated/src/PWMSP001/PWMSP001.o
                0x10002a84                PWMSP001_ClearPendingEvent
 .text.PWMSP001_SetPendingEvent
                0x10002afc       0x78 Dave/Generated/src/PWMSP001/PWMSP001.o
                0x10002afc                PWMSP001_SetPendingEvent
 .text.PWMSP001_GetPendingEvent
                0x10002b74       0xac Dave/Generated/src/PWMSP001/PWMSP001.o
                0x10002b74                PWMSP001_GetPendingEvent
 .text          0x10002c20        0x0 Dave/Generated/src/PWMSP001/PWMSP001_Conf.o
 .text          0x10002c20        0x0 Dave/Generated/src/NVIC002/NVIC002.o
 .text.NVIC_EnableIRQ
                0x10002c20       0x2c Dave/Generated/src/NVIC002/NVIC002.o
 .text.NVIC_SetPriority
                0x10002c4c       0xe0 Dave/Generated/src/NVIC002/NVIC002.o
 .text.NVIC002_EnableIRQ
                0x10002d2c       0x1c Dave/Generated/src/NVIC002/NVIC002.o
 .text.NVIC002_Init
                0x10002d48       0x30 Dave/Generated/src/NVIC002/NVIC002.o
                0x10002d48                NVIC002_Init
 .text.NVIC002_lInit
                0x10002d78       0x34 Dave/Generated/src/NVIC002/NVIC002.o
 .text          0x10002dac        0x0 Dave/Generated/src/NVIC002/NVIC002_Conf.o
 .text          0x10002dac        0x0 Dave/Generated/src/DAVESupport/DAVE3.o
 .text.DAVE_Init
                0x10002dac       0x20 Dave/Generated/src/DAVESupport/DAVE3.o
                0x10002dac                DAVE_Init
 .text          0x10002dcc        0x0 Dave/Generated/src/DAVESupport/MULTIPLEXER.o
 .text.DAVE_MUX_Init
                0x10002dcc       0x38 Dave/Generated/src/DAVESupport/MULTIPLEXER.o
                0x10002dcc                DAVE_MUX_Init
 .text.DAVE_MUX_PreInit
                0x10002e04        0x8 Dave/Generated/src/DAVESupport/MULTIPLEXER.o
                0x10002e04                DAVE_MUX_PreInit
 .text          0x10002e0c        0x0 Dave/Generated/src/CLK002/CLK002.o
 .text.CLK002_Init
                0x10002e0c       0x38 Dave/Generated/src/CLK002/CLK002.o
                0x10002e0c                CLK002_Init
 .text.AllowClkInitByStartup
                0x10002e44        0xc Dave/Generated/src/CLK002/CLK002.o
                0x10002e44                AllowClkInitByStartup
 .text.CLK002_lDivUpdate
                0x10002e50       0x78 Dave/Generated/src/CLK002/CLK002.o
 .text.CLK002_lFrequencyUpScaling
                0x10002ec8       0xbc Dave/Generated/src/CLK002/CLK002.o
 .text.CLK002_lFrequencyDownScaling
                0x10002f84       0xb0 Dave/Generated/src/CLK002/CLK002.o
 .text          0x10003034        0x0 Dave/Generated/src/CCU4GLOBAL/CCU4GLOBAL.o
 .text.CCU4GLOBAL_Init
                0x10003034       0x48 Dave/Generated/src/CCU4GLOBAL/CCU4GLOBAL.o
                0x10003034                CCU4GLOBAL_Init
 .text.CCU4Global_lInit
                0x1000307c       0x7c Dave/Generated/src/CCU4GLOBAL/CCU4GLOBAL.o
 .text          0x100030f8        0x0 Dave/Generated/src/CCU4GLOBAL/CCU4GLOBAL_Conf.o
 .text          0x100030f8       0x9c c:/dave-3.1.10/arm-gcc/bin/../lib/gcc/arm-none-eabi/4.7.4/armv6-m\libgcc.a(_udivsi3.o)
                0x100030f8                __aeabi_uidiv
                0x100030f8                __udivsi3
                0x10003180                __aeabi_uidivmod
 .text          0x10003194       0xc0 c:/dave-3.1.10/arm-gcc/bin/../lib/gcc/arm-none-eabi/4.7.4/armv6-m\libgcc.a(_divsi3.o)
                0x10003194                __divsi3
                0x10003194                __aeabi_idiv
                0x10003240                __aeabi_idivmod
 .text          0x10003254        0x4 c:/dave-3.1.10/arm-gcc/bin/../lib/gcc/arm-none-eabi/4.7.4/armv6-m\libgcc.a(_dvmd_tls.o)
                0x10003254                __aeabi_idiv0
                0x10003254                __aeabi_ldiv0
 .text          0x10003258       0x74 c:/dave-3.1.10/arm-gcc/bin/../lib/gcc/arm-none-eabi/4.7.4/armv6-m\libgcc.a(_arm_cmpsf2.o)
                0x10003258                __aeabi_cfrcmple
                0x10003260                __aeabi_cfcmpeq
                0x10003260                __aeabi_cfcmple
                0x10003270                __aeabi_fcmpeq
                0x1000327c                __aeabi_fcmplt
                0x10003290                __aeabi_fcmple
                0x100032a4                __aeabi_fcmpgt
                0x100032b8                __aeabi_fcmpge
 .text          0x100032cc       0x30 c:/dave-3.1.10/arm-gcc/bin/../lib/gcc/arm-none-eabi/4.7.4/armv6-m\libgcc.a(_fixunssfsi.o)
                0x100032cc                __fixunssfsi
                0x100032cc                __aeabi_f2uiz
 .text          0x100032fc      0x274 c:/dave-3.1.10/arm-gcc/bin/../lib/gcc/arm-none-eabi/4.7.4/armv6-m\libgcc.a(divsf3.o)
                0x100032fc                __aeabi_fdiv
 .text          0x10003570       0x50 c:/dave-3.1.10/arm-gcc/bin/../lib/gcc/arm-none-eabi/4.7.4/armv6-m\libgcc.a(eqsf2.o)
                0x10003570                __eqsf2
                0x10003570                __nesf2
 .text          0x100035c0       0x90 c:/dave-3.1.10/arm-gcc/bin/../lib/gcc/arm-none-eabi/4.7.4/armv6-m\libgcc.a(gesf2.o)
                0x100035c0                __gesf2
                0x100035c0                __gtsf2
 .text          0x10003650       0x90 c:/dave-3.1.10/arm-gcc/bin/../lib/gcc/arm-none-eabi/4.7.4/armv6-m\libgcc.a(lesf2.o)
                0x10003650                __ltsf2
                0x10003650                __lesf2
 .text          0x100036e0      0x260 c:/dave-3.1.10/arm-gcc/bin/../lib/gcc/arm-none-eabi/4.7.4/armv6-m\libgcc.a(mulsf3.o)
                0x100036e0                __aeabi_fmul
 .text          0x10003940      0x3b4 c:/dave-3.1.10/arm-gcc/bin/../lib/gcc/arm-none-eabi/4.7.4/armv6-m\libgcc.a(subsf3.o)
                0x10003940                __aeabi_fsub
 .text          0x10003cf4       0x40 c:/dave-3.1.10/arm-gcc/bin/../lib/gcc/arm-none-eabi/4.7.4/armv6-m\libgcc.a(fixsfsi.o)
                0x10003cf4                __aeabi_f2iz
 .text          0x10003d34       0xa8 c:/dave-3.1.10/arm-gcc/bin/../lib/gcc/arm-none-eabi/4.7.4/armv6-m\libgcc.a(floatunsisf.o)
                0x10003d34                __aeabi_ui2f
 .text          0x10003ddc       0x3c c:/dave-3.1.10/arm-gcc/bin/../lib/gcc/arm-none-eabi/4.7.4/armv6-m\libgcc.a(_clzsi2.o)
                0x10003ddc                __clzsi2
 *(.glue*)
 .glue_7        0x00000000        0x0 linker stubs
 .glue_7t       0x00000000        0x0 linker stubs
 *(.v4*)
 .v4_bx         0x00000000        0x0 linker stubs
 *(.vfp11_veneer)
 .vfp11_veneer  0x00000000        0x0 linker stubs
 *(.init)
                0x10003e18                __preinit_array_start = .
 *(.preinit_array)
                0x10003e18                __preinit_array_end = .
                0x10003e18                __init_array_start = .
 *(SORT(.init_array.*))
 *(.init_array)
                0x10003e18                __init_array_end = .
 *crtbegin.o(.ctors)
 *(EXCLUDE_FILE(*crtend.o) .ctors)
 *(SORT(.ctors.*))
 *crtend.o(.ctors)
 *(.fini)
                0x10003e18                __fini_array_start = .
 *(.fini_array)
 *(SORT(.fini_array.*))
                0x10003e18                __fini_array_end = .
 *crtbegin.o(.dtors)
 *(EXCLUDE_FILE(*crtend.o) .dtors)
 *(SORT(.dtors.*))
 *crtend.o(.dtors)
                0x10003e18                __extab_start = .
 *(.ARM.extab* .gnu.linkonce.armextab.*)
 .ARM.extab.Xmc1100.reset
                0x10003e18        0x0 Startup/startup_XMC1100.o
 .ARM.extab.Xmc1100.postreset
                0x10003e18        0x0 Startup/startup_XMC1100.o
                0x10003e18                . = ALIGN (0x4)
                0x10003e18                __extab_end = ABSOLUTE (.)

.iplt           0x10003e18        0x0
 .iplt          0x00000000        0x0 Startup/startup_XMC1100.o

.ARM.exidx      0x10003e18       0x10
                0x10003e18                __exidx_start = .
 *(.ARM.exidx* .gnu.linkonce.armexidx.*)
 .ARM.exidx.Xmc1100.reset
                0x10003e18        0x8 Startup/startup_XMC1100.o
 .ARM.exidx.Xmc1100.postreset
                0x10003e20        0x8 Startup/startup_XMC1100.o
                0x10003e28                . = ALIGN (0x4)
                0x10003e28                __exidx_end = ABSOLUTE (.)

.rodata         0x10003e28       0xd8
 *(.rodata .rodata.*)
 .rodata        0x10003e28       0x48 Dave/Generated/src/PWMSP001/PWMSP001_Conf.o
                0x10003e28                PWMSP001_Handle0
 .rodata        0x10003e70        0x4 Dave/Generated/src/NVIC002/NVIC002_Conf.o
                0x10003e70                NVIC002_Handle0
 .rodata        0x10003e74        0xc Dave/Generated/src/CCU4GLOBAL/CCU4GLOBAL_Conf.o
                0x10003e74                CCU4Global_Handle0
 .rodata        0x10003e80       0x40 c:/dave-3.1.10/arm-gcc/bin/../lib/gcc/arm-none-eabi/4.7.4/armv6-m\libgcc.a(divsf3.o)
 .rodata        0x10003ec0       0x40 c:/dave-3.1.10/arm-gcc/bin/../lib/gcc/arm-none-eabi/4.7.4/armv6-m\libgcc.a(mulsf3.o)
 *(.gnu.linkonce.r*)
                0x10003f00                . = ALIGN (0x10)
                0x10003f00                eROData = .
                0x10003f00                VeneerLoadAddr = ABSOLUTE (eROData)

.VENEER_Code    0x2000000c      0x110 load address 0x10003f00
                0x2000000c                VeneerStart = .
 *(.XmcVeneerCode)
 .XmcVeneerCode
                0x2000000c      0x110 Startup/startup_XMC1100.o
                0x2000000c                HardFault_Veneer
                0x2000002c                SVC_Veneer
                0x20000038                PendSV_Veneer
                0x2000003c                SysTick_Veneer
                0x20000040                SCU_0_Veneer
                0x20000044                SCU_1_Veneer
                0x20000048                SCU_2_Veneer
                0x2000004c                SCU_3_Veneer
                0x20000050                SCU_4_Veneer
                0x20000054                SCU_5_Veneer
                0x20000058                SCU_6_Veneer
                0x20000064                USIC0_0_Veneer
                0x20000068                USIC0_1_Veneer
                0x2000006c                USIC0_2_Veneer
                0x20000070                USIC0_3_Veneer
                0x20000074                USIC0_4_Veneer
                0x20000078                USIC0_5_Veneer
                0x2000007c                VADC0_C0_0_Veneer
                0x20000080                VADC0_C0_1_Veneer
                0x20000094                CCU40_0_Veneer
                0x20000098                CCU40_1_Veneer
                0x2000009c                CCU40_2_Veneer
                0x200000a0                CCU40_3_Veneer
                0x2000011c                . = ALIGN (0x4)
                0x2000011c                VeneerEnd = .
                0x00000110                VeneerSize = (ABSOLUTE (VeneerEnd) - ABSOLUTE (VeneerStart))

.rel.dyn        0x2000011c        0x0 load address 0x10004010
 .rel.iplt      0x00000000        0x0 Startup/startup_XMC1100.o

.GUARD_Band     0x2000011c        0x4 load address 0x00000000
                0x2000011f                . = (. + 0x3)
 *fill*         0x2000011c        0x3 00
                0x20000120                . = ALIGN (0x10)
 *fill*         0x2000011f        0x1 00
                0x20000120                Guard_Band_End = .

Stack           0x20000120      0x800 load address 0x00000000
                0x20000920                . = (. + stack_size)
 *fill*         0x20000120      0x800 00
                0x20000920                __Xmc1100_stack = .

.bss            0x20000920       0x1c
                0x20000920                __Xmc1100_sBSS = .
 *(.bss)
 .bss           0x20000920        0x0 Startup/startup_XMC1100.o
 .bss           0x20000920        0x0 Startup/system_XMC1100.o
 .bss           0x20000920        0x4 Main.o
 .bss           0x20000924        0xc Lib/System_LibcStubs.o
                0x20000924                __dso_handle
 .bss           0x20000930        0x0 Dave/Generated/src/PWMSP001/PWMSP001.o
 .bss           0x20000930        0x4 Dave/Generated/src/PWMSP001/PWMSP001_Conf.o
                0x20000930                PWMSP001_DynamicData0
 .bss           0x20000934        0x0 Dave/Generated/src/NVIC002/NVIC002.o
 .bss           0x20000934        0x0 Dave/Generated/src/NVIC002/NVIC002_Conf.o
 .bss           0x20000934        0x0 Dave/Generated/src/DAVESupport/DAVE3.o
 .bss           0x20000934        0x0 Dave/Generated/src/DAVESupport/MULTIPLEXER.o
 .bss           0x20000934        0x0 Dave/Generated/src/CLK002/CLK002.o
 .bss           0x20000934        0x4 Dave/Generated/src/CCU4GLOBAL/CCU4GLOBAL.o
 .bss           0x20000938        0x0 Dave/Generated/src/CCU4GLOBAL/CCU4GLOBAL_Conf.o
 .bss           0x20000938        0x0 c:/dave-3.1.10/arm-gcc/bin/../lib/gcc/arm-none-eabi/4.7.4/armv6-m\libgcc.a(_udivsi3.o)
 .bss           0x20000938        0x0 c:/dave-3.1.10/arm-gcc/bin/../lib/gcc/arm-none-eabi/4.7.4/armv6-m\libgcc.a(_divsi3.o)
 .bss           0x20000938        0x0 c:/dave-3.1.10/arm-gcc/bin/../lib/gcc/arm-none-eabi/4.7.4/armv6-m\libgcc.a(_dvmd_tls.o)
 .bss           0x20000938        0x0 c:/dave-3.1.10/arm-gcc/bin/../lib/gcc/arm-none-eabi/4.7.4/armv6-m\libgcc.a(_arm_cmpsf2.o)
 .bss           0x20000938        0x0 c:/dave-3.1.10/arm-gcc/bin/../lib/gcc/arm-none-eabi/4.7.4/armv6-m\libgcc.a(_fixunssfsi.o)
 .bss           0x20000938        0x0 c:/dave-3.1.10/arm-gcc/bin/../lib/gcc/arm-none-eabi/4.7.4/armv6-m\libgcc.a(divsf3.o)
 .bss           0x20000938        0x0 c:/dave-3.1.10/arm-gcc/bin/../lib/gcc/arm-none-eabi/4.7.4/armv6-m\libgcc.a(eqsf2.o)
 .bss           0x20000938        0x0 c:/dave-3.1.10/arm-gcc/bin/../lib/gcc/arm-none-eabi/4.7.4/armv6-m\libgcc.a(gesf2.o)
 .bss           0x20000938        0x0 c:/dave-3.1.10/arm-gcc/bin/../lib/gcc/arm-none-eabi/4.7.4/armv6-m\libgcc.a(lesf2.o)
 .bss           0x20000938        0x0 c:/dave-3.1.10/arm-gcc/bin/../lib/gcc/arm-none-eabi/4.7.4/armv6-m\libgcc.a(mulsf3.o)
 .bss           0x20000938        0x0 c:/dave-3.1.10/arm-gcc/bin/../lib/gcc/arm-none-eabi/4.7.4/armv6-m\libgcc.a(subsf3.o)
 .bss           0x20000938        0x0 c:/dave-3.1.10/arm-gcc/bin/../lib/gcc/arm-none-eabi/4.7.4/armv6-m\libgcc.a(fixsfsi.o)
 .bss           0x20000938        0x0 c:/dave-3.1.10/arm-gcc/bin/../lib/gcc/arm-none-eabi/4.7.4/armv6-m\libgcc.a(floatunsisf.o)
 .bss           0x20000938        0x0 c:/dave-3.1.10/arm-gcc/bin/../lib/gcc/arm-none-eabi/4.7.4/armv6-m\libgcc.a(_clzsi2.o)
 *(.bss*)
 *(COMMON)
 COMMON         0x20000938        0x4 Startup/system_XMC1100.o
                0x20000938                SystemCoreClock
 *(.gnu.linkonce.b*)
                0x2000093c                __Xmc1100_eBSS = ALIGN (0x4)
                0x0000001c                __Xmc1100_BSS_Size = (__Xmc1100_eBSS - __Xmc1100_sBSS)
                0x10004010                DataLoadAddr = (eROData + VeneerSize)

.data           0x20000940        0x8 load address 0x10004010
                0x20000940                __Xmc1100_sData = .
 *(.data)
 .data          0x20000940        0x0 Startup/startup_XMC1100.o
 .data          0x20000940        0x0 Startup/system_XMC1100.o
 .data          0x20000940        0x0 Main.o
 .data          0x20000940        0x0 Lib/System_LibcStubs.o
 .data          0x20000940        0x0 Dave/Generated/src/PWMSP001/PWMSP001.o
 .data          0x20000940        0x0 Dave/Generated/src/PWMSP001/PWMSP001_Conf.o
 .data          0x20000940        0x0 Dave/Generated/src/NVIC002/NVIC002.o
 .data          0x20000940        0x4 Dave/Generated/src/NVIC002/NVIC002_Conf.o
                0x20000940                NVIC002_HandleArray
 .data          0x20000944        0x0 Dave/Generated/src/DAVESupport/DAVE3.o
 .data          0x20000944        0x0 Dave/Generated/src/DAVESupport/MULTIPLEXER.o
 .data          0x20000944        0x0 Dave/Generated/src/CLK002/CLK002.o
 .data          0x20000944        0x0 Dave/Generated/src/CCU4GLOBAL/CCU4GLOBAL.o
 .data          0x20000944        0x4 Dave/Generated/src/CCU4GLOBAL/CCU4GLOBAL_Conf.o
                0x20000944                CCU4Global_HandleArray
 .data          0x20000948        0x0 c:/dave-3.1.10/arm-gcc/bin/../lib/gcc/arm-none-eabi/4.7.4/armv6-m\libgcc.a(_udivsi3.o)
 .data          0x20000948        0x0 c:/dave-3.1.10/arm-gcc/bin/../lib/gcc/arm-none-eabi/4.7.4/armv6-m\libgcc.a(_divsi3.o)
 .data          0x20000948        0x0 c:/dave-3.1.10/arm-gcc/bin/../lib/gcc/arm-none-eabi/4.7.4/armv6-m\libgcc.a(_dvmd_tls.o)
 .data          0x20000948        0x0 c:/dave-3.1.10/arm-gcc/bin/../lib/gcc/arm-none-eabi/4.7.4/armv6-m\libgcc.a(_arm_cmpsf2.o)
 .data          0x20000948        0x0 c:/dave-3.1.10/arm-gcc/bin/../lib/gcc/arm-none-eabi/4.7.4/armv6-m\libgcc.a(_fixunssfsi.o)
 .data          0x20000948        0x0 c:/dave-3.1.10/arm-gcc/bin/../lib/gcc/arm-none-eabi/4.7.4/armv6-m\libgcc.a(divsf3.o)
 .data          0x20000948        0x0 c:/dave-3.1.10/arm-gcc/bin/../lib/gcc/arm-none-eabi/4.7.4/armv6-m\libgcc.a(eqsf2.o)
 .data          0x20000948        0x0 c:/dave-3.1.10/arm-gcc/bin/../lib/gcc/arm-none-eabi/4.7.4/armv6-m\libgcc.a(gesf2.o)
 .data          0x20000948        0x0 c:/dave-3.1.10/arm-gcc/bin/../lib/gcc/arm-none-eabi/4.7.4/armv6-m\libgcc.a(lesf2.o)
 .data          0x20000948        0x0 c:/dave-3.1.10/arm-gcc/bin/../lib/gcc/arm-none-eabi/4.7.4/armv6-m\libgcc.a(mulsf3.o)
 .data          0x20000948        0x0 c:/dave-3.1.10/arm-gcc/bin/../lib/gcc/arm-none-eabi/4.7.4/armv6-m\libgcc.a(subsf3.o)
 .data          0x20000948        0x0 c:/dave-3.1.10/arm-gcc/bin/../lib/gcc/arm-none-eabi/4.7.4/armv6-m\libgcc.a(fixsfsi.o)
 .data          0x20000948        0x0 c:/dave-3.1.10/arm-gcc/bin/../lib/gcc/arm-none-eabi/4.7.4/armv6-m\libgcc.a(floatunsisf.o)
 .data          0x20000948        0x0 c:/dave-3.1.10/arm-gcc/bin/../lib/gcc/arm-none-eabi/4.7.4/armv6-m\libgcc.a(_clzsi2.o)
 *(.data*)
 *(*.data)
 *(.gnu.linkonce.d*)
                0x20000948                __Xmc1100_eData = ALIGN (0x4)
                0x00000008                __Xmc1100_Data_Size = (__Xmc1100_eData - __Xmc1100_sData)

.igot.plt       0x20000948        0x0 load address 0x10004018
 .igot.plt      0x00000000        0x0 Startup/startup_XMC1100.o

.ram_code       0x20000948        0x0 load address 0x10004018
                0x20000948                __ram_code_start = .
 *(.ram_code)
                0x20000948                __ram_code_end = .
                0x10004018                __ram_code_load = LOADADDR (.ram_code)
                0x00000000                __ram_code_size = (__ram_code_end - __ram_code_start)
                0x20000948                __Xmc1100_heap_start = ALIGN (0x8)
                0x20004000                __Xmc1100_heap_end = (ORIGIN (SRAM) + 0x4000)
                0x20000948                Heap_Bank1_Start = __Xmc1100_heap_start
                0x000036b8                Heap_Bank1_Size = (__Xmc1100_heap_end - __Xmc1100_heap_start)

/DISCARD/
 *(.comment)

.stab
 *(.stab)

.stabstr
 *(.stabstr)

.debug
 *(.debug)

.line
 *(.line)

.debug_srcinfo
 *(.debug_srcinfo)

.debug_sfnames
 *(.debug_sfnames)

.debug_aranges  0x00000000      0x398
 *(.debug_aranges)
 .debug_aranges
                0x00000000       0x40 Startup/startup_XMC1100.o
 .debug_aranges
                0x00000040       0x28 Startup/system_XMC1100.o
 .debug_aranges
                0x00000068       0x50 Main.o
 .debug_aranges
                0x000000b8       0xa0 Lib/System_LibcStubs.o
 .debug_aranges
                0x00000158      0x108 Dave/Generated/src/PWMSP001/PWMSP001.o
 .debug_aranges
                0x00000260       0x18 Dave/Generated/src/PWMSP001/PWMSP001_Conf.o
 .debug_aranges
                0x00000278       0x40 Dave/Generated/src/NVIC002/NVIC002.o
 .debug_aranges
                0x000002b8       0x18 Dave/Generated/src/NVIC002/NVIC002_Conf.o
 .debug_aranges
                0x000002d0       0x20 Dave/Generated/src/DAVESupport/DAVE3.o
 .debug_aranges
                0x000002f0       0x28 Dave/Generated/src/DAVESupport/MULTIPLEXER.o
 .debug_aranges
                0x00000318       0x40 Dave/Generated/src/CLK002/CLK002.o
 .debug_aranges
                0x00000358       0x28 Dave/Generated/src/CCU4GLOBAL/CCU4GLOBAL.o
 .debug_aranges
                0x00000380       0x18 Dave/Generated/src/CCU4GLOBAL/CCU4GLOBAL_Conf.o

.debug_pubnames
 *(.debug_pubnames)

.debug_pubtypes
 *(.debug_pubtypes)

.debug_info     0x00000000     0x417e
 *(.debug_info .gnu.linkonce.wi.*)
 .debug_info    0x00000000       0x7b Startup/startup_XMC1100.o
 .debug_info    0x0000007b      0x15f Startup/system_XMC1100.o
 .debug_info    0x000001da      0xa37 Main.o
 .debug_info    0x00000c11      0x65f Lib/System_LibcStubs.o
 .debug_info    0x00001270     0x14c3 Dave/Generated/src/PWMSP001/PWMSP001.o
 .debug_info    0x00002733      0x72f Dave/Generated/src/PWMSP001/PWMSP001_Conf.o
 .debug_info    0x00002e62      0x463 Dave/Generated/src/NVIC002/NVIC002.o
 .debug_info    0x000032c5      0x109 Dave/Generated/src/NVIC002/NVIC002_Conf.o
 .debug_info    0x000033ce       0x98 Dave/Generated/src/DAVESupport/DAVE3.o
 .debug_info    0x00003466      0x43c Dave/Generated/src/DAVESupport/MULTIPLEXER.o
 .debug_info    0x000038a2      0x33d Dave/Generated/src/CLK002/CLK002.o
 .debug_info    0x00003bdf      0x3d0 Dave/Generated/src/CCU4GLOBAL/CCU4GLOBAL.o
 .debug_info    0x00003faf      0x1cf Dave/Generated/src/CCU4GLOBAL/CCU4GLOBAL_Conf.o

.debug_abbrev   0x00000000      0xc2b
 *(.debug_abbrev)
 .debug_abbrev  0x00000000       0x12 Startup/startup_XMC1100.o
 .debug_abbrev  0x00000012       0xc5 Startup/system_XMC1100.o
 .debug_abbrev  0x000000d7      0x1b7 Main.o
 .debug_abbrev  0x0000028e      0x149 Lib/System_LibcStubs.o
 .debug_abbrev  0x000003d7      0x193 Dave/Generated/src/PWMSP001/PWMSP001.o
 .debug_abbrev  0x0000056a       0xe4 Dave/Generated/src/PWMSP001/PWMSP001_Conf.o
 .debug_abbrev  0x0000064e      0x166 Dave/Generated/src/NVIC002/NVIC002.o
 .debug_abbrev  0x000007b4       0x87 Dave/Generated/src/NVIC002/NVIC002_Conf.o
 .debug_abbrev  0x0000083b       0x47 Dave/Generated/src/DAVESupport/DAVE3.o
 .debug_abbrev  0x00000882       0xac Dave/Generated/src/DAVESupport/MULTIPLEXER.o
 .debug_abbrev  0x0000092e      0x12a Dave/Generated/src/CLK002/CLK002.o
 .debug_abbrev  0x00000a58      0x11c Dave/Generated/src/CCU4GLOBAL/CCU4GLOBAL.o
 .debug_abbrev  0x00000b74       0xb7 Dave/Generated/src/CCU4GLOBAL/CCU4GLOBAL_Conf.o

.debug_line     0x00000000     0x51e5
 *(.debug_line)
 .debug_line    0x00000000      0x13d Startup/startup_XMC1100.o
 .debug_line    0x0000013d      0x2f6 Startup/system_XMC1100.o
 .debug_line    0x00000433      0x862 Main.o
 .debug_line    0x00000c95      0x3c0 Lib/System_LibcStubs.o
 .debug_line    0x00001055      0xc23 Dave/Generated/src/PWMSP001/PWMSP001.o
 .debug_line    0x00001c78      0x7b2 Dave/Generated/src/PWMSP001/PWMSP001_Conf.o
 .debug_line    0x0000242a      0x3f6 Dave/Generated/src/NVIC002/NVIC002.o
 .debug_line    0x00002820      0x37e Dave/Generated/src/NVIC002/NVIC002_Conf.o
 .debug_line    0x00002b9e      0x72f Dave/Generated/src/DAVESupport/DAVE3.o
 .debug_line    0x000032cd      0x746 Dave/Generated/src/DAVESupport/MULTIPLEXER.o
 .debug_line    0x00003a13      0x85f Dave/Generated/src/CLK002/CLK002.o
 .debug_line    0x00004272      0x7db Dave/Generated/src/CCU4GLOBAL/CCU4GLOBAL.o
 .debug_line    0x00004a4d      0x798 Dave/Generated/src/CCU4GLOBAL/CCU4GLOBAL_Conf.o

.debug_frame    0x00000000      0xb84
 *(.debug_frame)
 .debug_frame   0x00000000       0x4c Startup/system_XMC1100.o
 .debug_frame   0x0000004c       0xe0 Main.o
 .debug_frame   0x0000012c      0x220 Lib/System_LibcStubs.o
 .debug_frame   0x0000034c      0x42c Dave/Generated/src/PWMSP001/PWMSP001.o
 .debug_frame   0x00000778       0xb8 Dave/Generated/src/NVIC002/NVIC002.o
 .debug_frame   0x00000830       0x2c Dave/Generated/src/DAVESupport/DAVE3.o
 .debug_frame   0x0000085c       0x48 Dave/Generated/src/DAVESupport/MULTIPLEXER.o
 .debug_frame   0x000008a4       0xa8 Dave/Generated/src/CLK002/CLK002.o
 .debug_frame   0x0000094c       0x54 Dave/Generated/src/CCU4GLOBAL/CCU4GLOBAL.o
 .debug_frame   0x000009a0       0x20 c:/dave-3.1.10/arm-gcc/bin/../lib/gcc/arm-none-eabi/4.7.4/armv6-m\libgcc.a(_udivsi3.o)
 .debug_frame   0x000009c0       0x20 c:/dave-3.1.10/arm-gcc/bin/../lib/gcc/arm-none-eabi/4.7.4/armv6-m\libgcc.a(_divsi3.o)
 .debug_frame   0x000009e0       0x28 c:/dave-3.1.10/arm-gcc/bin/../lib/gcc/arm-none-eabi/4.7.4/armv6-m\libgcc.a(_fixunssfsi.o)
 .debug_frame   0x00000a08       0x3c c:/dave-3.1.10/arm-gcc/bin/../lib/gcc/arm-none-eabi/4.7.4/armv6-m\libgcc.a(divsf3.o)
 .debug_frame   0x00000a44       0x2c c:/dave-3.1.10/arm-gcc/bin/../lib/gcc/arm-none-eabi/4.7.4/armv6-m\libgcc.a(eqsf2.o)
 .debug_frame   0x00000a70       0x30 c:/dave-3.1.10/arm-gcc/bin/../lib/gcc/arm-none-eabi/4.7.4/armv6-m\libgcc.a(gesf2.o)
 .debug_frame   0x00000aa0       0x30 c:/dave-3.1.10/arm-gcc/bin/../lib/gcc/arm-none-eabi/4.7.4/armv6-m\libgcc.a(lesf2.o)
 .debug_frame   0x00000ad0       0x3c c:/dave-3.1.10/arm-gcc/bin/../lib/gcc/arm-none-eabi/4.7.4/armv6-m\libgcc.a(mulsf3.o)
 .debug_frame   0x00000b0c       0x30 c:/dave-3.1.10/arm-gcc/bin/../lib/gcc/arm-none-eabi/4.7.4/armv6-m\libgcc.a(subsf3.o)
 .debug_frame   0x00000b3c       0x20 c:/dave-3.1.10/arm-gcc/bin/../lib/gcc/arm-none-eabi/4.7.4/armv6-m\libgcc.a(fixsfsi.o)
 .debug_frame   0x00000b5c       0x28 c:/dave-3.1.10/arm-gcc/bin/../lib/gcc/arm-none-eabi/4.7.4/armv6-m\libgcc.a(floatunsisf.o)

.debug_str      0x00000000    0x25fb3
 *(.debug_str)
 .debug_str     0x00000000    0x20678 Startup/system_XMC1100.o
                              0x207b4 (size before relaxing)
 .debug_str     0x00020678     0x1cdc Main.o
                              0x224c5 (size before relaxing)
 .debug_str     0x00022354     0x2e23 Lib/System_LibcStubs.o
                               0x57e2 (size before relaxing)
 .debug_str     0x00025177      0x84f Dave/Generated/src/PWMSP001/PWMSP001.o
                              0x22976 (size before relaxing)
 .debug_str     0x000259c6       0x45 Dave/Generated/src/PWMSP001/PWMSP001_Conf.o
                              0x220c1 (size before relaxing)
 .debug_str     0x00025a0b      0x271 Dave/Generated/src/NVIC002/NVIC002.o
                              0x20cc8 (size before relaxing)
 .debug_str     0x00025c7c       0x3d Dave/Generated/src/NVIC002/NVIC002_Conf.o
                              0x20a91 (size before relaxing)
 .debug_str     0x00025cb9       0x34 Dave/Generated/src/DAVESupport/DAVE3.o
                              0x21baf (size before relaxing)
 .debug_str     0x00025ced       0x4f Dave/Generated/src/DAVESupport/MULTIPLEXER.o
                              0x21c89 (size before relaxing)
 .debug_str     0x00025d3c      0x18d Dave/Generated/src/CLK002/CLK002.o
                              0x21d8d (size before relaxing)
 .debug_str     0x00025ec9       0xa4 Dave/Generated/src/CCU4GLOBAL/CCU4GLOBAL.o
                              0x21d3a (size before relaxing)
 .debug_str     0x00025f6d       0x46 Dave/Generated/src/CCU4GLOBAL/CCU4GLOBAL_Conf.o
                              0x21c6a (size before relaxing)

.debug_loc      0x00000000      0xee0
 *(.debug_loc)
 .debug_loc     0x00000000       0x64 Startup/system_XMC1100.o
 .debug_loc     0x00000064      0x158 Main.o
 .debug_loc     0x000001bc      0x388 Lib/System_LibcStubs.o
 .debug_loc     0x00000544      0x690 Dave/Generated/src/PWMSP001/PWMSP001.o
 .debug_loc     0x00000bd4      0x118 Dave/Generated/src/NVIC002/NVIC002.o
 .debug_loc     0x00000cec       0x2c Dave/Generated/src/DAVESupport/DAVE3.o
 .debug_loc     0x00000d18       0x58 Dave/Generated/src/DAVESupport/MULTIPLEXER.o
 .debug_loc     0x00000d70      0x100 Dave/Generated/src/CLK002/CLK002.o
 .debug_loc     0x00000e70       0x70 Dave/Generated/src/CCU4GLOBAL/CCU4GLOBAL.o

.debug_macinfo
 *(.debug_macinfo)

.debug_ranges   0x00000000      0x2d0
 *(.debug_ranges)
 .debug_ranges  0x00000000       0x38 Startup/startup_XMC1100.o
 .debug_ranges  0x00000038       0x18 Startup/system_XMC1100.o
 .debug_ranges  0x00000050       0x58 Main.o
 .debug_ranges  0x000000a8       0x90 Lib/System_LibcStubs.o
 .debug_ranges  0x00000138       0xf8 Dave/Generated/src/PWMSP001/PWMSP001.o
 .debug_ranges  0x00000230       0x30 Dave/Generated/src/NVIC002/NVIC002.o
 .debug_ranges  0x00000260       0x10 Dave/Generated/src/DAVESupport/DAVE3.o
 .debug_ranges  0x00000270       0x18 Dave/Generated/src/DAVESupport/MULTIPLEXER.o
 .debug_ranges  0x00000288       0x30 Dave/Generated/src/CLK002/CLK002.o
 .debug_ranges  0x000002b8       0x18 Dave/Generated/src/CCU4GLOBAL/CCU4GLOBAL.o

.debug_weaknames
 *(.debug_weaknames)

.debug_funcnames
 *(.debug_funcnames)

.debug_typenames
 *(.debug_typenames)

.debug_varnames
 *(.debug_varnames)

.build_attributes
                0x00000000      0x48f
 *(.ARM.attributes)
 .ARM.attributes
                0x00000000       0x21 Startup/startup_XMC1100.o
 .ARM.attributes
                0x00000021       0x31 Startup/system_XMC1100.o
 .ARM.attributes
                0x00000052       0x31 Main.o
 .ARM.attributes
                0x00000083       0x31 Lib/System_LibcStubs.o
 .ARM.attributes
                0x000000b4       0x31 Dave/Generated/src/PWMSP001/PWMSP001.o
 .ARM.attributes
                0x000000e5       0x31 Dave/Generated/src/PWMSP001/PWMSP001_Conf.o
 .ARM.attributes
                0x00000116       0x31 Dave/Generated/src/NVIC002/NVIC002.o
 .ARM.attributes
                0x00000147       0x31 Dave/Generated/src/NVIC002/NVIC002_Conf.o
 .ARM.attributes
                0x00000178       0x31 Dave/Generated/src/DAVESupport/DAVE3.o
 .ARM.attributes
                0x000001a9       0x31 Dave/Generated/src/DAVESupport/MULTIPLEXER.o
 .ARM.attributes
                0x000001da       0x31 Dave/Generated/src/CLK002/CLK002.o
 .ARM.attributes
                0x0000020b       0x31 Dave/Generated/src/CCU4GLOBAL/CCU4GLOBAL.o
 .ARM.attributes
                0x0000023c       0x31 Dave/Generated/src/CCU4GLOBAL/CCU4GLOBAL_Conf.o
 .ARM.attributes
                0x0000026d       0x1e c:/dave-3.1.10/arm-gcc/bin/../lib/gcc/arm-none-eabi/4.7.4/armv6-m\libgcc.a(_udivsi3.o)
 .ARM.attributes
                0x0000028b       0x1e c:/dave-3.1.10/arm-gcc/bin/../lib/gcc/arm-none-eabi/4.7.4/armv6-m\libgcc.a(_divsi3.o)
 .ARM.attributes
                0x000002a9       0x1e c:/dave-3.1.10/arm-gcc/bin/../lib/gcc/arm-none-eabi/4.7.4/armv6-m\libgcc.a(_dvmd_tls.o)
 .ARM.attributes
                0x000002c7       0x1e c:/dave-3.1.10/arm-gcc/bin/../lib/gcc/arm-none-eabi/4.7.4/armv6-m\libgcc.a(_arm_cmpsf2.o)
 .ARM.attributes
                0x000002e5       0x2c c:/dave-3.1.10/arm-gcc/bin/../lib/gcc/arm-none-eabi/4.7.4/armv6-m\libgcc.a(_fixunssfsi.o)
 .ARM.attributes
                0x00000311       0x2c c:/dave-3.1.10/arm-gcc/bin/../lib/gcc/arm-none-eabi/4.7.4/armv6-m\libgcc.a(divsf3.o)
 .ARM.attributes
                0x0000033d       0x2c c:/dave-3.1.10/arm-gcc/bin/../lib/gcc/arm-none-eabi/4.7.4/armv6-m\libgcc.a(eqsf2.o)
 .ARM.attributes
                0x00000369       0x2c c:/dave-3.1.10/arm-gcc/bin/../lib/gcc/arm-none-eabi/4.7.4/armv6-m\libgcc.a(gesf2.o)
 .ARM.attributes
                0x00000395       0x2c c:/dave-3.1.10/arm-gcc/bin/../lib/gcc/arm-none-eabi/4.7.4/armv6-m\libgcc.a(lesf2.o)
 .ARM.attributes
                0x000003c1       0x2c c:/dave-3.1.10/arm-gcc/bin/../lib/gcc/arm-none-eabi/4.7.4/armv6-m\libgcc.a(mulsf3.o)
 .ARM.attributes
                0x000003ed       0x2c c:/dave-3.1.10/arm-gcc/bin/../lib/gcc/arm-none-eabi/4.7.4/armv6-m\libgcc.a(subsf3.o)
 .ARM.attributes
                0x00000419       0x2c c:/dave-3.1.10/arm-gcc/bin/../lib/gcc/arm-none-eabi/4.7.4/armv6-m\libgcc.a(fixsfsi.o)
 .ARM.attributes
                0x00000445       0x2c c:/dave-3.1.10/arm-gcc/bin/../lib/gcc/arm-none-eabi/4.7.4/armv6-m\libgcc.a(floatunsisf.o)
 .ARM.attributes
                0x00000471       0x1e c:/dave-3.1.10/arm-gcc/bin/../lib/gcc/arm-none-eabi/4.7.4/armv6-m\libgcc.a(_clzsi2.o)
OUTPUT(PWMSP001_Example1_XMC11.elf elf32-littlearm)

.debug_macro    0x00000000     0x7ccf
 .debug_macro   0x00000000       0xb7 Startup/system_XMC1100.o
 .debug_macro   0x000000b7      0x7f0 Startup/system_XMC1100.o
 .debug_macro   0x000008a7       0x3a Startup/system_XMC1100.o
 .debug_macro   0x000008e1       0x10 Startup/system_XMC1100.o
 .debug_macro   0x000008f1       0x2e Startup/system_XMC1100.o
 .debug_macro   0x0000091f       0xa3 Startup/system_XMC1100.o
 .debug_macro   0x000009c2      0x20e Startup/system_XMC1100.o
 .debug_macro   0x00000bd0       0x36 Startup/system_XMC1100.o
 .debug_macro   0x00000c06       0x22 Startup/system_XMC1100.o
 .debug_macro   0x00000c28       0x3a Startup/system_XMC1100.o
 .debug_macro   0x00000c62       0x1f Startup/system_XMC1100.o
 .debug_macro   0x00000c81      0x242 Startup/system_XMC1100.o
 .debug_macro   0x00000ec3     0x4d2c Startup/system_XMC1100.o
 .debug_macro   0x00005bef      0x1a0 Main.o
 .debug_macro   0x00005d8f      0x16c Main.o
 .debug_macro   0x00005efb       0x22 Main.o
 .debug_macro   0x00005f1d      0x311 Main.o
 .debug_macro   0x0000622e      0x130 Main.o
 .debug_macro   0x0000635e       0x10 Main.o
 .debug_macro   0x0000636e       0x6d Main.o
 .debug_macro   0x000063db       0x1c Main.o
 .debug_macro   0x000063f7       0xac Main.o
 .debug_macro   0x000064a3      0x119 Lib/System_LibcStubs.o
 .debug_macro   0x000065bc       0x3a Lib/System_LibcStubs.o
 .debug_macro   0x000065f6       0x52 Lib/System_LibcStubs.o
 .debug_macro   0x00006648       0x19 Lib/System_LibcStubs.o
 .debug_macro   0x00006661      0x16d Lib/System_LibcStubs.o
 .debug_macro   0x000067ce       0x10 Lib/System_LibcStubs.o
 .debug_macro   0x000067de       0x16 Lib/System_LibcStubs.o
 .debug_macro   0x000067f4       0x89 Lib/System_LibcStubs.o
 .debug_macro   0x0000687d       0x10 Lib/System_LibcStubs.o
 .debug_macro   0x0000688d       0xf5 Lib/System_LibcStubs.o
 .debug_macro   0x00006982       0x22 Lib/System_LibcStubs.o
 .debug_macro   0x000069a4       0x91 Lib/System_LibcStubs.o
 .debug_macro   0x00006a35       0x34 Lib/System_LibcStubs.o
 .debug_macro   0x00006a69      0x120 Lib/System_LibcStubs.o
 .debug_macro   0x00006b89       0x16 Lib/System_LibcStubs.o
 .debug_macro   0x00006b9f       0x35 Lib/System_LibcStubs.o
 .debug_macro   0x00006bd4      0x495 Lib/System_LibcStubs.o
 .debug_macro   0x00007069      0x227 Dave/Generated/src/PWMSP001/PWMSP001.o
 .debug_macro   0x00007290      0x157 Dave/Generated/src/PWMSP001/PWMSP001_Conf.o
 .debug_macro   0x000073e7       0xce Dave/Generated/src/NVIC002/NVIC002.o
 .debug_macro   0x000074b5       0xce Dave/Generated/src/NVIC002/NVIC002_Conf.o
 .debug_macro   0x00007583      0x157 Dave/Generated/src/DAVESupport/DAVE3.o
 .debug_macro   0x000076da      0x157 Dave/Generated/src/DAVESupport/MULTIPLEXER.o
 .debug_macro   0x00007831      0x175 Dave/Generated/src/CLK002/CLK002.o
 .debug_macro   0x000079a6      0x161 Dave/Generated/src/CCU4GLOBAL/CCU4GLOBAL.o
 .debug_macro   0x00007b07       0x67 Dave/Generated/src/CCU4GLOBAL/CCU4GLOBAL.o
 .debug_macro   0x00007b6e      0x161 Dave/Generated/src/CCU4GLOBAL/CCU4GLOBAL_Conf.o
