Archive member included because of file (symbol)

c:/dave-3.1.10/arm-gcc/bin/../lib/gcc/arm-none-eabi/4.7.4/armv6-m\libgcc.a(_udivsi3.o)
                              Startup/system_XMC1100.o (__aeabi_uidiv)
c:/dave-3.1.10/arm-gcc/bin/../lib/gcc/arm-none-eabi/4.7.4/armv6-m\libgcc.a(_divsi3.o)
                              Main.o (__aeabi_idiv)
c:/dave-3.1.10/arm-gcc/bin/../lib/gcc/arm-none-eabi/4.7.4/armv6-m\libgcc.a(_dvmd_tls.o)
                              c:/dave-3.1.10/arm-gcc/bin/../lib/gcc/arm-none-eabi/4.7.4/armv6-m\libgcc.a(_udivsi3.o) (__aeabi_idiv0)

Allocating common symbols
Common symbol       size              file

SystemCoreClock     0x4               Startup/system_XMC1100.o

Discarded input sections

 .comment       0x00000000       0x71 Startup/system_XMC1100.o
 .comment       0x00000000       0x71 Main.o
 .comment       0x00000000       0x71 Lib/System_LibcStubs.o
 .comment       0x00000000       0x71 Dave/Generated/src/NVIC002/NVIC002.o
 .comment       0x00000000       0x71 Dave/Generated/src/NVIC002/NVIC002_Conf.o
 .comment       0x00000000       0x71 Dave/Generated/src/IO002/IO002.o
 .comment       0x00000000       0x71 Dave/Generated/src/IO002/IO002_Conf.o
 .comment       0x00000000       0x71 Dave/Generated/src/ERU002/ERU002.o
 .comment       0x00000000       0x71 Dave/Generated/src/ERU002/ERU002_Conf.o
 .comment       0x00000000       0x71 Dave/Generated/src/ERU001/ERU001.o
 .comment       0x00000000       0x71 Dave/Generated/src/ERU001/ERU001_Conf.o
 .comment       0x00000000       0x71 Dave/Generated/src/DAVESupport/DAVE3.o
 .comment       0x00000000       0x71 Dave/Generated/src/DAVESupport/MULTIPLEXER.o

Memory Configuration

Name             Origin             Length             Attributes
FLASH            0x10001000         0x00010000         xr
SRAM             0x20000000         0x00004000         !xr
*default*        0x00000000         0xffffffff

Linker script and memory map

LOAD Startup/startup_XMC1100.o
LOAD Startup/system_XMC1100.o
LOAD Main.o
LOAD Lib/System_LibcStubs.o
LOAD Dave/Generated/src/NVIC002/NVIC002.o
LOAD Dave/Generated/src/NVIC002/NVIC002_Conf.o
LOAD Dave/Generated/src/IO002/IO002.o
LOAD Dave/Generated/src/IO002/IO002_Conf.o
LOAD Dave/Generated/src/ERU002/ERU002.o
LOAD Dave/Generated/src/ERU002/ERU002_Conf.o
LOAD Dave/Generated/src/ERU001/ERU001.o
LOAD Dave/Generated/src/ERU001/ERU001_Conf.o
LOAD Dave/Generated/src/DAVESupport/DAVE3.o
LOAD Dave/Generated/src/DAVESupport/MULTIPLEXER.o
START GROUP
LOAD c:/dave-3.1.10/arm-gcc/bin/../lib/gcc/arm-none-eabi/4.7.4/armv6-m\libgcc.a
LOAD c:/dave-3.1.10/arm-gcc/bin/../lib/gcc/arm-none-eabi/4.7.4/../../../../arm-none-eabi/lib/armv6-m\libc.a
END GROUP
                0x00000800                stack_size = 0x800

.text           0x10001000      0x888
                0x10001000                sText = .
 *(.Xmc1100.reset)
 .Xmc1100.reset
                0x10001000       0x2c Startup/startup_XMC1100.o
                0x10001000                __Xmc1100_interrupt_vector_cortex_m
                0x10001018                __Xmc1100_reset_cortex_m
 *(.Xmc1100.postreset)
 .Xmc1100.postreset
                0x1000102c       0xa0 Startup/startup_XMC1100.o
 *(.XmcStartup)
 .XmcStartup    0x100010cc        0x8 Startup/startup_XMC1100.o
                0x100010cc                software_init_hook
                0x100010d0                hardware_init_hook
 *(.text .text.* .gnu.linkonce.t.*)
 .text          0x100010d4       0x30 Startup/startup_XMC1100.o
                0x100010d4                NMI_Handler
                0x100010d6                HardFault_Handler
                0x100010d8                SVC_Handler
                0x100010da                PendSV_Handler
                0x100010dc                SysTick_Handler
                0x100010de                SCU_0_IRQHandler
                0x100010e0                SCU_1_IRQHandler
                0x100010e2                SCU_2_IRQHandler
                0x100010e4                ERU0_0_IRQHandler
                0x100010e6                ERU0_1_IRQHandler
                0x100010e8                ERU0_2_IRQHandler
                0x100010ec                VADC0_C0_0_IRQHandler
                0x100010ee                VADC0_C0_1_IRQHandler
                0x100010f0                CCU40_0_IRQHandler
                0x100010f2                CCU40_1_IRQHandler
                0x100010f4                CCU40_2_IRQHandler
                0x100010f6                CCU40_3_IRQHandler
                0x100010f8                USIC0_0_IRQHandler
                0x100010fa                USIC0_1_IRQHandler
                0x100010fc                USIC0_2_IRQHandler
                0x100010fe                USIC0_3_IRQHandler
                0x10001100                USIC0_4_IRQHandler
                0x10001102                USIC0_5_IRQHandler
 .text          0x10001104        0x0 Startup/system_XMC1100.o
 .text.SystemCoreClockUpdate
                0x10001104       0x38 Startup/system_XMC1100.o
                0x10001104                SystemCoreClockUpdate
 .text.SystemInit
                0x1000113c        0x8 Startup/system_XMC1100.o
                0x1000113c                SystemInit
 .text          0x10001144        0x0 Main.o
 .text.startup.main
                0x10001144       0xec Main.o
                0x10001144                main
 .text.ERU0_3_IRQHandler
                0x10001230       0x4c Main.o
                0x10001230                ERU0_3_IRQHandler
 .text.PWM_Period_Interrupt
                0x1000127c       0x2c Main.o
                0x1000127c                PWM_Period_Interrupt
 .text          0x100012a8        0x0 Lib/System_LibcStubs.o
 .text._open    0x100012a8        0x6 Lib/System_LibcStubs.o
                0x100012a8                _open
 .text._lseek   0x100012ae        0x6 Lib/System_LibcStubs.o
                0x100012ae                _lseek
 .text._read    0x100012b4        0x4 Lib/System_LibcStubs.o
                0x100012b4                _read
 .text._write   0x100012b8        0x6 Lib/System_LibcStubs.o
                0x100012b8                _write
 .text._close   0x100012be        0x6 Lib/System_LibcStubs.o
                0x100012be                _close
 .text._fstat   0x100012c4        0x8 Lib/System_LibcStubs.o
                0x100012c4                _fstat
 .text._link    0x100012cc        0xa Lib/System_LibcStubs.o
                0x100012cc                _link
 .text._unlink  0x100012d6        0x6 Lib/System_LibcStubs.o
                0x100012d6                _unlink
 .text._sbrk    0x100012dc       0x38 Lib/System_LibcStubs.o
                0x100012dc                _sbrk
 .text._times   0x10001314        0x6 Lib/System_LibcStubs.o
                0x10001314                _times
 .text._wait    0x1000131a        0x6 Lib/System_LibcStubs.o
                0x1000131a                _wait
 .text._kill    0x10001320        0x6 Lib/System_LibcStubs.o
                0x10001320                _kill
 .text._fork    0x10001326        0x6 Lib/System_LibcStubs.o
                0x10001326                _fork
 .text._getpid  0x1000132c        0x6 Lib/System_LibcStubs.o
                0x1000132c                _getpid
 .text._exit    0x10001332        0x2 Lib/System_LibcStubs.o
                0x10001332                _exit
 .text._init    0x10001334        0x2 Lib/System_LibcStubs.o
                0x10001334                _init
 .text._isatty  0x10001336        0x6 Lib/System_LibcStubs.o
                0x10001336                _isatty
 .text          0x1000133c        0x0 Dave/Generated/src/NVIC002/NVIC002.o
 .text.NVIC002_Init
                0x1000133c       0x80 Dave/Generated/src/NVIC002/NVIC002.o
                0x1000133c                NVIC002_Init
 .text          0x100013bc        0x0 Dave/Generated/src/NVIC002/NVIC002_Conf.o
 .text          0x100013bc        0x0 Dave/Generated/src/IO002/IO002.o
 .text.IO002_Init
                0x100013bc      0x12c Dave/Generated/src/IO002/IO002.o
                0x100013bc                IO002_Init
 .text.IO002_ReadPin
                0x100014e8       0x1c Dave/Generated/src/IO002/IO002.o
                0x100014e8                IO002_ReadPin
 .text.IO002_SetPin
                0x10001504       0x20 Dave/Generated/src/IO002/IO002.o
                0x10001504                IO002_SetPin
 .text.IO002_ResetPin
                0x10001524       0x22 Dave/Generated/src/IO002/IO002.o
                0x10001524                IO002_ResetPin
 .text.IO002_SetOutputValue
                0x10001546       0x2c Dave/Generated/src/IO002/IO002.o
                0x10001546                IO002_SetOutputValue
 *fill*         0x10001572        0x2 00
 .text.IO002_TogglePin
                0x10001574       0x24 Dave/Generated/src/IO002/IO002.o
                0x10001574                IO002_TogglePin
 .text.IO002_DisableOutputDriver
                0x10001598        0x2 Dave/Generated/src/IO002/IO002.o
                0x10001598                IO002_DisableOutputDriver
 .text.IO002_EnableOutputDriver
                0x1000159a        0x2 Dave/Generated/src/IO002/IO002.o
                0x1000159a                IO002_EnableOutputDriver
 .text          0x1000159c        0x0 Dave/Generated/src/IO002/IO002_Conf.o
 .text          0x1000159c        0x0 Dave/Generated/src/ERU002/ERU002.o
 .text.ERU002_lInit
                0x1000159c       0x24 Dave/Generated/src/ERU002/ERU002.o
                0x1000159c                ERU002_lInit
 .text.ERU002_Init
                0x100015c0       0x10 Dave/Generated/src/ERU002/ERU002.o
                0x100015c0                ERU002_Init
 .text.ERU002_SetPeripheralTrigInputSrc
                0x100015d0       0x24 Dave/Generated/src/ERU002/ERU002.o
                0x100015d0                ERU002_SetPeripheralTrigInputSrc
 .text.ERU002_GetPatternResult
                0x100015f4       0x1c Dave/Generated/src/ERU002/ERU002.o
                0x100015f4                ERU002_GetPatternResult
 .text.ERU002_EnablePatternDetection
                0x10001610       0x16 Dave/Generated/src/ERU002/ERU002.o
                0x10001610                ERU002_EnablePatternDetection
 .text.ERU002_DisablePatternDetection
                0x10001626       0x16 Dave/Generated/src/ERU002/ERU002.o
                0x10001626                ERU002_DisablePatternDetection
 .text.ERU002_SelectServiceRequestMode
                0x1000163c       0x1e Dave/Generated/src/ERU002/ERU002.o
                0x1000163c                ERU002_SelectServiceRequestMode
 .text          0x1000165a        0x0 Dave/Generated/src/ERU002/ERU002_Conf.o
 .text          0x1000165a        0x0 Dave/Generated/src/ERU001/ERU001.o
 .text.ERU001_lInit
                0x1000165a       0x52 Dave/Generated/src/ERU001/ERU001.o
                0x1000165a                ERU001_lInit
 .text.ERU001_Init
                0x100016ac       0x10 Dave/Generated/src/ERU001/ERU001.o
                0x100016ac                ERU001_Init
 .text.ERU001_ClearFlag
                0x100016bc       0x18 Dave/Generated/src/ERU001/ERU001.o
                0x100016bc                ERU001_ClearFlag
 .text          0x100016d4        0x0 Dave/Generated/src/ERU001/ERU001_Conf.o
 .text          0x100016d4        0x0 Dave/Generated/src/DAVESupport/DAVE3.o
 .text.DAVE_Init
                0x100016d4       0x1c Dave/Generated/src/DAVESupport/DAVE3.o
                0x100016d4                DAVE_Init
 .text          0x100016f0        0x0 Dave/Generated/src/DAVESupport/MULTIPLEXER.o
 .text.DAVE_MUX_Init
                0x100016f0       0x28 Dave/Generated/src/DAVESupport/MULTIPLEXER.o
                0x100016f0                DAVE_MUX_Init
 .text.DAVE_MUX_PreInit
                0x10001718       0x10 Dave/Generated/src/DAVESupport/MULTIPLEXER.o
                0x10001718                DAVE_MUX_PreInit
 .text          0x10001728       0x9c c:/dave-3.1.10/arm-gcc/bin/../lib/gcc/arm-none-eabi/4.7.4/armv6-m\libgcc.a(_udivsi3.o)
                0x10001728                __aeabi_uidiv
                0x10001728                __udivsi3
                0x100017b0                __aeabi_uidivmod
 .text          0x100017c4       0xc0 c:/dave-3.1.10/arm-gcc/bin/../lib/gcc/arm-none-eabi/4.7.4/armv6-m\libgcc.a(_divsi3.o)
                0x100017c4                __divsi3
                0x100017c4                __aeabi_idiv
                0x10001870                __aeabi_idivmod
 .text          0x10001884        0x4 c:/dave-3.1.10/arm-gcc/bin/../lib/gcc/arm-none-eabi/4.7.4/armv6-m\libgcc.a(_dvmd_tls.o)
                0x10001884                __aeabi_idiv0
                0x10001884                __aeabi_ldiv0
 *(.glue*)
 .glue_7        0x00000000        0x0 linker stubs
 .glue_7t       0x00000000        0x0 linker stubs
 *(.v4*)
 .v4_bx         0x00000000        0x0 linker stubs
 *(.vfp11_veneer)
 .vfp11_veneer  0x00000000        0x0 linker stubs
 *(.init)
                0x10001888                __preinit_array_start = .
 *(.preinit_array)
                0x10001888                __preinit_array_end = .
                0x10001888                __init_array_start = .
 *(SORT(.init_array.*))
 *(.init_array)
                0x10001888                __init_array_end = .
 *crtbegin.o(.ctors)
 *(EXCLUDE_FILE(*crtend.o) .ctors)
 *(SORT(.ctors.*))
 *crtend.o(.ctors)
 *(.fini)
                0x10001888                __fini_array_start = .
 *(.fini_array)
 *(SORT(.fini_array.*))
                0x10001888                __fini_array_end = .
 *crtbegin.o(.dtors)
 *(EXCLUDE_FILE(*crtend.o) .dtors)
 *(SORT(.dtors.*))
 *crtend.o(.dtors)
                0x10001888                __extab_start = .
 *(.ARM.extab* .gnu.linkonce.armextab.*)
 .ARM.extab.Xmc1100.reset
                0x10001888        0x0 Startup/startup_XMC1100.o
 .ARM.extab.Xmc1100.postreset
                0x10001888        0x0 Startup/startup_XMC1100.o
                0x10001888                . = ALIGN (0x4)
                0x10001888                __extab_end = ABSOLUTE (.)

.iplt           0x10001888        0x0
 .iplt          0x00000000        0x0 Startup/startup_XMC1100.o

.ARM.exidx      0x10001888       0x10
                0x10001888                __exidx_start = .
 *(.ARM.exidx* .gnu.linkonce.armexidx.*)
 .ARM.exidx.Xmc1100.reset
                0x10001888        0x8 Startup/startup_XMC1100.o
 .ARM.exidx.Xmc1100.postreset
                0x10001890        0x8 Startup/startup_XMC1100.o
                0x10001898                . = ALIGN (0x4)
                0x10001898                __exidx_end = ABSOLUTE (.)

.rodata         0x10001898       0x6c
 *(.rodata .rodata.*)
 .rodata        0x10001898        0x4 Dave/Generated/src/NVIC002/NVIC002_Conf.o
                0x10001898                NVIC002_Handle0
 .rodata        0x1000189c       0x4c Dave/Generated/src/IO002/IO002_Conf.o
                0x1000189c                IO002_Handle0
 .rodata        0x100018e8       0x10 Dave/Generated/src/ERU002/ERU002_Conf.o
                0x100018e8                ERU002_Handle0
 .rodata        0x100018f8        0xc Dave/Generated/src/ERU001/ERU001_Conf.o
                0x100018f8                ERU001_Handle0
 *(.gnu.linkonce.r*)
                0x10001910                . = ALIGN (0x10)
                0x10001910                eROData = .
                0x10001910                VeneerLoadAddr = ABSOLUTE (eROData)

.VENEER_Code    0x2000000c      0x110 load address 0x10001910
                0x2000000c                VeneerStart = .
 *(.XmcVeneerCode)
 .XmcVeneerCode
                0x2000000c      0x110 Startup/startup_XMC1100.o
                0x2000000c                HardFault_Veneer
                0x2000002c                SVC_Veneer
                0x20000038                PendSV_Veneer
                0x2000003c                SysTick_Veneer
                0x20000040                SCU_0_Veneer
                0x20000044                SCU_1_Veneer
                0x20000048                SCU_2_Veneer
                0x2000004c                SCU_3_Veneer
                0x20000050                SCU_4_Veneer
                0x20000054                SCU_5_Veneer
                0x20000058                SCU_6_Veneer
                0x20000064                USIC0_0_Veneer
                0x20000068                USIC0_1_Veneer
                0x2000006c                USIC0_2_Veneer
                0x20000070                USIC0_3_Veneer
                0x20000074                USIC0_4_Veneer
                0x20000078                USIC0_5_Veneer
                0x2000007c                VADC0_C0_0_Veneer
                0x20000080                VADC0_C0_1_Veneer
                0x20000094                CCU40_0_Veneer
                0x20000098                CCU40_1_Veneer
                0x2000009c                CCU40_2_Veneer
                0x200000a0                CCU40_3_Veneer
                0x2000011c                . = ALIGN (0x4)
                0x2000011c                VeneerEnd = .
                0x00000110                VeneerSize = (ABSOLUTE (VeneerEnd) - ABSOLUTE (VeneerStart))

.rel.dyn        0x2000011c        0x0 load address 0x10001a20
 .rel.iplt      0x00000000        0x0 Startup/startup_XMC1100.o

.GUARD_Band     0x2000011c        0x4 load address 0x00000000
                0x2000011f                . = (. + 0x3)
 *fill*         0x2000011c        0x3 00
                0x20000120                . = ALIGN (0x10)
 *fill*         0x2000011f        0x1 00
                0x20000120                Guard_Band_End = .

Stack           0x20000120      0x800 load address 0x00000000
                0x20000920                . = (. + stack_size)
 *fill*         0x20000120      0x800 00
                0x20000920                __Xmc1100_stack = .

.bss            0x20000920       0x24
                0x20000920                __Xmc1100_sBSS = .
 *(.bss)
 .bss           0x20000920        0x0 Startup/startup_XMC1100.o
 .bss           0x20000920        0x0 Startup/system_XMC1100.o
 .bss           0x20000920       0x14 Main.o
                0x20000920                speedLowHigh
                0x20000924                trigger
                0x20000928                speed
 .bss           0x20000934        0xc Lib/System_LibcStubs.o
                0x2000093c                __dso_handle
 .bss           0x20000940        0x0 Dave/Generated/src/NVIC002/NVIC002.o
 .bss           0x20000940        0x0 Dave/Generated/src/NVIC002/NVIC002_Conf.o
 .bss           0x20000940        0x0 Dave/Generated/src/IO002/IO002.o
 .bss           0x20000940        0x0 Dave/Generated/src/IO002/IO002_Conf.o
 .bss           0x20000940        0x0 Dave/Generated/src/ERU002/ERU002.o
 .bss           0x20000940        0x0 Dave/Generated/src/ERU002/ERU002_Conf.o
 .bss           0x20000940        0x0 Dave/Generated/src/ERU001/ERU001.o
 .bss           0x20000940        0x0 Dave/Generated/src/ERU001/ERU001_Conf.o
 .bss           0x20000940        0x0 Dave/Generated/src/DAVESupport/DAVE3.o
 .bss           0x20000940        0x0 Dave/Generated/src/DAVESupport/MULTIPLEXER.o
 .bss           0x20000940        0x0 c:/dave-3.1.10/arm-gcc/bin/../lib/gcc/arm-none-eabi/4.7.4/armv6-m\libgcc.a(_udivsi3.o)
 .bss           0x20000940        0x0 c:/dave-3.1.10/arm-gcc/bin/../lib/gcc/arm-none-eabi/4.7.4/armv6-m\libgcc.a(_divsi3.o)
 .bss           0x20000940        0x0 c:/dave-3.1.10/arm-gcc/bin/../lib/gcc/arm-none-eabi/4.7.4/armv6-m\libgcc.a(_dvmd_tls.o)
 *(.bss*)
 *(COMMON)
 COMMON         0x20000940        0x4 Startup/system_XMC1100.o
                0x20000940                SystemCoreClock
 *(.gnu.linkonce.b*)
                0x20000944                __Xmc1100_eBSS = ALIGN (0x4)
                0x00000024                __Xmc1100_BSS_Size = (__Xmc1100_eBSS - __Xmc1100_sBSS)
                0x10001a20                DataLoadAddr = (eROData + VeneerSize)

.data           0x20000950       0x10 load address 0x10001a20
                0x20000950                __Xmc1100_sData = .
 *(.data)
 .data          0x20000950        0x0 Startup/startup_XMC1100.o
 .data          0x20000950        0x0 Startup/system_XMC1100.o
 .data          0x20000950        0x0 Main.o
 .data          0x20000950        0x0 Lib/System_LibcStubs.o
 .data          0x20000950        0x0 Dave/Generated/src/NVIC002/NVIC002.o
 .data          0x20000950        0x4 Dave/Generated/src/NVIC002/NVIC002_Conf.o
                0x20000950                NVIC002_HandleArray
 .data          0x20000954        0x0 Dave/Generated/src/IO002/IO002.o
 .data          0x20000954        0x4 Dave/Generated/src/IO002/IO002_Conf.o
                0x20000954                IO002_HandleArr
 .data          0x20000958        0x0 Dave/Generated/src/ERU002/ERU002.o
 .data          0x20000958        0x4 Dave/Generated/src/ERU002/ERU002_Conf.o
                0x20000958                ERU002_HandleArray
 .data          0x2000095c        0x0 Dave/Generated/src/ERU001/ERU001.o
 .data          0x2000095c        0x4 Dave/Generated/src/ERU001/ERU001_Conf.o
                0x2000095c                ERU001_HandleArray
 .data          0x20000960        0x0 Dave/Generated/src/DAVESupport/DAVE3.o
 .data          0x20000960        0x0 Dave/Generated/src/DAVESupport/MULTIPLEXER.o
 .data          0x20000960        0x0 c:/dave-3.1.10/arm-gcc/bin/../lib/gcc/arm-none-eabi/4.7.4/armv6-m\libgcc.a(_udivsi3.o)
 .data          0x20000960        0x0 c:/dave-3.1.10/arm-gcc/bin/../lib/gcc/arm-none-eabi/4.7.4/armv6-m\libgcc.a(_divsi3.o)
 .data          0x20000960        0x0 c:/dave-3.1.10/arm-gcc/bin/../lib/gcc/arm-none-eabi/4.7.4/armv6-m\libgcc.a(_dvmd_tls.o)
 *(.data*)
 *(*.data)
 *(.gnu.linkonce.d*)
                0x20000960                __Xmc1100_eData = ALIGN (0x4)
                0x00000010                __Xmc1100_Data_Size = (__Xmc1100_eData - __Xmc1100_sData)

.igot.plt       0x20000960        0x0 load address 0x10001a30
 .igot.plt      0x00000000        0x0 Startup/startup_XMC1100.o

.ram_code       0x20000960        0x0 load address 0x10001a30
                0x20000960                __ram_code_start = .
 *(.ram_code)
                0x20000960                __ram_code_end = .
                0x10001a30                __ram_code_load = LOADADDR (.ram_code)
                0x00000000                __ram_code_size = (__ram_code_end - __ram_code_start)
                0x20000960                __Xmc1100_heap_start = ALIGN (0x8)
                0x20004000                __Xmc1100_heap_end = (ORIGIN (SRAM) + 0x4000)
                0x20000960                Heap_Bank1_Start = __Xmc1100_heap_start
                0x000036a0                Heap_Bank1_Size = (__Xmc1100_heap_end - __Xmc1100_heap_start)

/DISCARD/
 *(.comment)

.stab
 *(.stab)

.stabstr
 *(.stabstr)

.debug
 *(.debug)

.line
 *(.line)

.debug_srcinfo
 *(.debug_srcinfo)

.debug_sfnames
 *(.debug_sfnames)

.debug_aranges
 *(.debug_aranges)

.debug_pubnames
 *(.debug_pubnames)

.debug_pubtypes
 *(.debug_pubtypes)

.debug_info
 *(.debug_info .gnu.linkonce.wi.*)

.debug_abbrev
 *(.debug_abbrev)

.debug_line
 *(.debug_line)

.debug_frame    0x00000000       0x40
 *(.debug_frame)
 .debug_frame   0x00000000       0x20 c:/dave-3.1.10/arm-gcc/bin/../lib/gcc/arm-none-eabi/4.7.4/armv6-m\libgcc.a(_udivsi3.o)
 .debug_frame   0x00000020       0x20 c:/dave-3.1.10/arm-gcc/bin/../lib/gcc/arm-none-eabi/4.7.4/armv6-m\libgcc.a(_divsi3.o)

.debug_str
 *(.debug_str)

.debug_loc
 *(.debug_loc)

.debug_macinfo
 *(.debug_macinfo)

.debug_ranges
 *(.debug_ranges)

.debug_weaknames
 *(.debug_weaknames)

.debug_funcnames
 *(.debug_funcnames)

.debug_typenames
 *(.debug_typenames)

.debug_varnames
 *(.debug_varnames)

.build_attributes
                0x00000000      0x2f8
 *(.ARM.attributes)
 .ARM.attributes
                0x00000000       0x21 Startup/startup_XMC1100.o
 .ARM.attributes
                0x00000021       0x31 Startup/system_XMC1100.o
 .ARM.attributes
                0x00000052       0x31 Main.o
 .ARM.attributes
                0x00000083       0x31 Lib/System_LibcStubs.o
 .ARM.attributes
                0x000000b4       0x31 Dave/Generated/src/NVIC002/NVIC002.o
 .ARM.attributes
                0x000000e5       0x31 Dave/Generated/src/NVIC002/NVIC002_Conf.o
 .ARM.attributes
                0x00000116       0x31 Dave/Generated/src/IO002/IO002.o
 .ARM.attributes
                0x00000147       0x31 Dave/Generated/src/IO002/IO002_Conf.o
 .ARM.attributes
                0x00000178       0x31 Dave/Generated/src/ERU002/ERU002.o
 .ARM.attributes
                0x000001a9       0x31 Dave/Generated/src/ERU002/ERU002_Conf.o
 .ARM.attributes
                0x000001da       0x31 Dave/Generated/src/ERU001/ERU001.o
 .ARM.attributes
                0x0000020b       0x31 Dave/Generated/src/ERU001/ERU001_Conf.o
 .ARM.attributes
                0x0000023c       0x31 Dave/Generated/src/DAVESupport/DAVE3.o
 .ARM.attributes
                0x0000026d       0x31 Dave/Generated/src/DAVESupport/MULTIPLEXER.o
 .ARM.attributes
                0x0000029e       0x1e c:/dave-3.1.10/arm-gcc/bin/../lib/gcc/arm-none-eabi/4.7.4/armv6-m\libgcc.a(_udivsi3.o)
 .ARM.attributes
                0x000002bc       0x1e c:/dave-3.1.10/arm-gcc/bin/../lib/gcc/arm-none-eabi/4.7.4/armv6-m\libgcc.a(_divsi3.o)
 .ARM.attributes
                0x000002da       0x1e c:/dave-3.1.10/arm-gcc/bin/../lib/gcc/arm-none-eabi/4.7.4/armv6-m\libgcc.a(_dvmd_tls.o)
OUTPUT(boschSpeedUp.elf elf32-littlearm)
